Archive member included to satisfy reference by file (symbol)

E:/CubeCLT/STM32CubeCLT_1.17.0/GNU-tools-for-STM32/bin/../lib/gcc/arm-none-eabi/12.3.1/../../../../arm-none-eabi/lib/thumb/v7e-m+fp/hard\libc_nano.a(libc_a-exit.o)
                              E:/CubeCLT/STM32CubeCLT_1.17.0/GNU-tools-for-STM32/bin/../lib/gcc/arm-none-eabi/12.3.1/../../../../arm-none-eabi/lib/thumb/v7e-m+fp/hard/crt0.o (exit)
E:/CubeCLT/STM32CubeCLT_1.17.0/GNU-tools-for-STM32/bin/../lib/gcc/arm-none-eabi/12.3.1/../../../../arm-none-eabi/lib/thumb/v7e-m+fp/hard\libc_nano.a(libc_a-nano-vfprintf_float.o)
                              (_printf_float)
E:/CubeCLT/STM32CubeCLT_1.17.0/GNU-tools-for-STM32/bin/../lib/gcc/arm-none-eabi/12.3.1/../../../../arm-none-eabi/lib/thumb/v7e-m+fp/hard\libc_nano.a(libc_a-nano-vfprintf_i.o)
                              E:/CubeCLT/STM32CubeCLT_1.17.0/GNU-tools-for-STM32/bin/../lib/gcc/arm-none-eabi/12.3.1/../../../../arm-none-eabi/lib/thumb/v7e-m+fp/hard\libc_nano.a(libc_a-nano-vfprintf_float.o) (_printf_common)
E:/CubeCLT/STM32CubeCLT_1.17.0/GNU-tools-for-STM32/bin/../lib/gcc/arm-none-eabi/12.3.1/../../../../arm-none-eabi/lib/thumb/v7e-m+fp/hard\libc_nano.a(libc_a-findfp.o)
                              E:/CubeCLT/STM32CubeCLT_1.17.0/GNU-tools-for-STM32/bin/../lib/gcc/arm-none-eabi/12.3.1/../../../../arm-none-eabi/lib/thumb/v7e-m+fp/hard\libc_nano.a(libc_a-exit.o) (__stdio_exit_handler)
E:/CubeCLT/STM32CubeCLT_1.17.0/GNU-tools-for-STM32/bin/../lib/gcc/arm-none-eabi/12.3.1/../../../../arm-none-eabi/lib/thumb/v7e-m+fp/hard\libc_nano.a(libc_a-fwalk.o)
                              E:/CubeCLT/STM32CubeCLT_1.17.0/GNU-tools-for-STM32/bin/../lib/gcc/arm-none-eabi/12.3.1/../../../../arm-none-eabi/lib/thumb/v7e-m+fp/hard\libc_nano.a(libc_a-findfp.o) (_fwalk_sglue)
E:/CubeCLT/STM32CubeCLT_1.17.0/GNU-tools-for-STM32/bin/../lib/gcc/arm-none-eabi/12.3.1/../../../../arm-none-eabi/lib/thumb/v7e-m+fp/hard\libc_nano.a(libc_a-stdio.o)
                              E:/CubeCLT/STM32CubeCLT_1.17.0/GNU-tools-for-STM32/bin/../lib/gcc/arm-none-eabi/12.3.1/../../../../arm-none-eabi/lib/thumb/v7e-m+fp/hard\libc_nano.a(libc_a-findfp.o) (__sread)
E:/CubeCLT/STM32CubeCLT_1.17.0/GNU-tools-for-STM32/bin/../lib/gcc/arm-none-eabi/12.3.1/../../../../arm-none-eabi/lib/thumb/v7e-m+fp/hard\libc_nano.a(libc_a-memset.o)
                              E:/CubeCLT/STM32CubeCLT_1.17.0/GNU-tools-for-STM32/bin/../lib/gcc/arm-none-eabi/12.3.1/../../../../arm-none-eabi/lib/thumb/v7e-m+fp/hard/crt0.o (memset)
E:/CubeCLT/STM32CubeCLT_1.17.0/GNU-tools-for-STM32/bin/../lib/gcc/arm-none-eabi/12.3.1/../../../../arm-none-eabi/lib/thumb/v7e-m+fp/hard\libc_nano.a(libc_a-localeconv.o)
                              E:/CubeCLT/STM32CubeCLT_1.17.0/GNU-tools-for-STM32/bin/../lib/gcc/arm-none-eabi/12.3.1/../../../../arm-none-eabi/lib/thumb/v7e-m+fp/hard\libc_nano.a(libc_a-nano-vfprintf_float.o) (_localeconv_r)
E:/CubeCLT/STM32CubeCLT_1.17.0/GNU-tools-for-STM32/bin/../lib/gcc/arm-none-eabi/12.3.1/../../../../arm-none-eabi/lib/thumb/v7e-m+fp/hard\libc_nano.a(libc_a-closer.o)
                              E:/CubeCLT/STM32CubeCLT_1.17.0/GNU-tools-for-STM32/bin/../lib/gcc/arm-none-eabi/12.3.1/../../../../arm-none-eabi/lib/thumb/v7e-m+fp/hard\libc_nano.a(libc_a-stdio.o) (_close_r)
E:/CubeCLT/STM32CubeCLT_1.17.0/GNU-tools-for-STM32/bin/../lib/gcc/arm-none-eabi/12.3.1/../../../../arm-none-eabi/lib/thumb/v7e-m+fp/hard\libc_nano.a(libc_a-reent.o)
                              E:/CubeCLT/STM32CubeCLT_1.17.0/GNU-tools-for-STM32/bin/../lib/gcc/arm-none-eabi/12.3.1/../../../../arm-none-eabi/lib/thumb/v7e-m+fp/hard\libc_nano.a(libc_a-closer.o) (errno)
E:/CubeCLT/STM32CubeCLT_1.17.0/GNU-tools-for-STM32/bin/../lib/gcc/arm-none-eabi/12.3.1/../../../../arm-none-eabi/lib/thumb/v7e-m+fp/hard\libc_nano.a(libc_a-impure.o)
                              E:/CubeCLT/STM32CubeCLT_1.17.0/GNU-tools-for-STM32/bin/../lib/gcc/arm-none-eabi/12.3.1/../../../../arm-none-eabi/lib/thumb/v7e-m+fp/hard\libc_nano.a(libc_a-reent.o) (_impure_ptr)
E:/CubeCLT/STM32CubeCLT_1.17.0/GNU-tools-for-STM32/bin/../lib/gcc/arm-none-eabi/12.3.1/../../../../arm-none-eabi/lib/thumb/v7e-m+fp/hard\libc_nano.a(libc_a-lseekr.o)
                              E:/CubeCLT/STM32CubeCLT_1.17.0/GNU-tools-for-STM32/bin/../lib/gcc/arm-none-eabi/12.3.1/../../../../arm-none-eabi/lib/thumb/v7e-m+fp/hard\libc_nano.a(libc_a-stdio.o) (_lseek_r)
E:/CubeCLT/STM32CubeCLT_1.17.0/GNU-tools-for-STM32/bin/../lib/gcc/arm-none-eabi/12.3.1/../../../../arm-none-eabi/lib/thumb/v7e-m+fp/hard\libc_nano.a(libc_a-readr.o)
                              E:/CubeCLT/STM32CubeCLT_1.17.0/GNU-tools-for-STM32/bin/../lib/gcc/arm-none-eabi/12.3.1/../../../../arm-none-eabi/lib/thumb/v7e-m+fp/hard\libc_nano.a(libc_a-stdio.o) (_read_r)
E:/CubeCLT/STM32CubeCLT_1.17.0/GNU-tools-for-STM32/bin/../lib/gcc/arm-none-eabi/12.3.1/../../../../arm-none-eabi/lib/thumb/v7e-m+fp/hard\libc_nano.a(libc_a-writer.o)
[...]
Memory Configuration

Name             Origin             Length             Attributes
RAM              0x20000000         0x00020000         xrw
CCMRAM           0x10000000         0x00010000         xrw
FLASH            0x08000000         0x00100000         xr
*default*        0x00000000         0xffffffff

Linker script and memory map

LOAD E:/CubeCLT/STM32CubeCLT_1.17.0/GNU-tools-for-STM32/bin/../lib/gcc/arm-none-eabi/12.3.1/thumb/v7e-m+fp/hard/crti.o
LOAD E:/CubeCLT/STM32CubeCLT_1.17.0/GNU-tools-for-STM32/bin/../lib/gcc/arm-none-eabi/12.3.1/thumb/v7e-m+fp/hard/crtbegin.o
LOAD E:/CubeCLT/STM32CubeCLT_1.17.0/GNU-tools-for-STM32/bin/../lib/gcc/arm-none-eabi/12.3.1/../../../../arm-none-eabi/lib/thumb/v7e-m+fp/hard/crt0.o
LOAD E:/CubeCLT/STM32CubeCLT_1.17.0/GNU-tools-for-STM32/bin/../lib/gcc/arm-none-eabi/12.3.1/../../../../arm-none-eabi/lib/thumb/v7e-m+fp/hard\libm.a
START GROUP
LOAD E:/CubeCLT/STM32CubeCLT_1.17.0/GNU-tools-for-STM32/bin/../lib/gcc/arm-none-eabi/12.3.1/../../../../arm-none-eabi/lib/thumb/v7e-m+fp/hard\libc_nano.a
LOAD E:/CubeCLT/STM32CubeCLT_1.17.0/GNU-tools-for-STM32/bin/../lib/gcc/arm-none-eabi/12.3.1/../../../../arm-none-eabi/lib/thumb/v7e-m+fp/hard\libm.a
END GROUP
LOAD cmake/stm32cubemx/CMakeFiles/STM32_Drivers.dir/__/__/Core/Src/system_stm32f4xx.c.obj
LOAD cmake/stm32cubemx/CMakeFiles/STM32_Drivers.dir/__/__/Drivers/STM32F4xx_HAL_Driver/Src/stm32f4xx_hal_adc.c.obj
LOAD cmake/stm32cubemx/CMakeFiles/STM32_Drivers.dir/__/__/Drivers/STM32F4xx_HAL_Driver/Src/stm32f4xx_hal_adc_ex.c.obj
LOAD cmake/stm32cubemx/CMakeFiles/STM32_Drivers.dir/__/__/Drivers/STM32F4xx_HAL_Driver/Src/stm32f4xx_ll_adc.c.obj
LOAD cmake/stm32cubemx/CMakeFiles/STM32_Drivers.dir/__/__/Drivers/STM32F4xx_HAL_Driver/Src/stm32f4xx_hal_rcc.c.obj
LOAD cmake/stm32cubemx/CMakeFiles/STM32_Drivers.dir/__/__/Drivers/STM32F4xx_HAL_Driver/Src/stm32f4xx_hal_rcc_ex.c.obj
LOAD cmake/stm32cubemx/CMakeFiles/STM32_Drivers.dir/__/__/Drivers/STM32F4xx_HAL_Driver/Src/stm32f4xx_hal_flash.c.obj
LOAD cmake/stm32cubemx/CMakeFiles/STM32_Drivers.dir/__/__/Drivers/STM32F4xx_HAL_Driver/Src/stm32f4xx_hal_flash_ex.c.obj
LOAD cmake/stm32cubemx/CMakeFiles/STM32_Drivers.dir/__/__/Drivers/STM32F4xx_HAL_Driver/Src/stm32f4xx_hal_flash_ramfunc.c.obj
LOAD cmake/stm32cubemx/CMakeFiles/STM32_Drivers.dir/__/__/Drivers/STM32F4xx_HAL_Driver/Src/stm32f4xx_hal_gpio.c.obj
LOAD cmake/stm32cubemx/CMakeFiles/STM32_Drivers.dir/__/__/Drivers/STM32F4xx_HAL_Driver/Src/stm32f4xx_hal_dma_ex.c.obj
LOAD cmake/stm32cubemx/CMakeFiles/STM32_Drivers.dir/__/__/Drivers/STM32F4xx_HAL_Driver/Src/stm32f4xx_hal_dma.c.obj
LOAD cmake/stm32cubemx/CMakeFiles/STM32_Drivers.dir/__/__/Drivers/STM32F4xx_HAL_Driver/Src/stm32f4xx_hal_pwr.c.obj
LOAD cmake/stm32cubemx/CMakeFiles/STM32_Drivers.dir/__/__/Drivers/STM32F4xx_HAL_Driver/Src/stm32f4xx_hal_pwr_ex.c.obj
LOAD cmake/stm32cubemx/CMakeFiles/STM32_Drivers.dir/__/__/Drivers/STM32F4xx_HAL_Driver/Src/stm32f4xx_hal_cortex.c.obj
LOAD cmake/stm32cubemx/CMakeFiles/STM32_Drivers.dir/__/__/Drivers/STM32F4xx_HAL_Driver/Src/stm32f4xx_hal.c.obj
LOAD cmake/stm32cubemx/CMakeFiles/STM32_Drivers.dir/__/__/Drivers/STM32F4xx_HAL_Driver/Src/stm32f4xx_hal_exti.c.obj
LOAD cmake/stm32cubemx/CMakeFiles/STM32_Drivers.dir/__/__/Drivers/STM32F4xx_HAL_Driver/Src/stm32f4xx_hal_i2c.c.obj
LOAD cmake/stm32cubemx/CMakeFiles/STM32_Drivers.dir/__/__/Drivers/STM32F4xx_HAL_Driver/Src/stm32f4xx_hal_i2c_ex.c.obj
LOAD cmake/stm32cubemx/CMakeFiles/STM32_Drivers.dir/__/__/Drivers/STM32F4xx_HAL_Driver/Src/stm32f4xx_hal_tim.c.obj
LOAD cmake/stm32cubemx/CMakeFiles/STM32_Drivers.dir/__/__/Drivers/STM32F4xx_HAL_Driver/Src/stm32f4xx_hal_tim_ex.c.obj
LOAD cmake/stm32cubemx/CMakeFiles/STM32_Drivers.dir/__/__/Drivers/STM32F4xx_HAL_Driver/Src/stm32f4xx_hal_uart.c.obj
LOAD CMakeFiles/SmartCar.dir/Core/Src/main.c.obj
LOAD CMakeFiles/SmartCar.dir/Core/Src/gpio.c.obj
LOAD CMakeFiles/SmartCar.dir/Core/Src/adc.c.obj
LOAD CMakeFiles/SmartCar.dir/Core/Src/dma.c.obj
LOAD CMakeFiles/SmartCar.dir/Core/Src/i2c.c.obj
LOAD CMakeFiles/SmartCar.dir/Core/Src/tim.c.obj
LOAD CMakeFiles/SmartCar.dir/Core/Src/usart.c.obj
LOAD CMakeFiles/SmartCar.dir/Core/Src/stm32f4xx_it.c.obj
LOAD CMakeFiles/SmartCar.dir/Core/Src/stm32f4xx_hal_msp.c.obj
LOAD CMakeFiles/SmartCar.dir/Core/Src/sysmem.c.obj
LOAD CMakeFiles/SmartCar.dir/Core/Src/syscalls.c.obj
LOAD CMakeFiles/SmartCar.dir/startup_stm32f407xx.s.obj
LOAD CMakeFiles/SmartCar.dir/APP/scheduler.c.obj
LOAD CMakeFiles/SmartCar.dir/APP/adc_app.c.obj
LOAD CMakeFiles/SmartCar.dir/APP/encoder_app.c.obj
LOAD CMakeFiles/SmartCar.dir/APP/gary_app.c.obj
LOAD CMakeFiles/SmartCar.dir/APP/JY901S_app.c.obj
LOAD CMakeFiles/SmartCar.dir/APP/motor_app.c.obj
LOAD CMakeFiles/SmartCar.dir/APP/oled_app.c.obj
LOAD CMakeFiles/SmartCar.dir/APP/pid_control.c.obj
LOAD CMakeFiles/SmartCar.dir/APP/usart_app.c.obj
LOAD CMakeFiles/SmartCar.dir/components/OLED/ssd1306.c.obj
LOAD CMakeFiles/SmartCar.dir/components/OLED/ssd1306_fonts.c.obj
LOAD CMakeFiles/SmartCar.dir/components/wit_c_sdk/wit_c_sdk.c.obj
LOAD CMakeFiles/SmartCar.dir/components/Gary/hardware_iic.c.obj
LOAD CMakeFiles/SmartCar.dir/components/PID/pid.c.obj
START GROUP
LOAD E:/CubeCLT/STM32CubeCLT_1.17.0/GNU-tools-for-STM32/bin/../lib/gcc/arm-none-eabi/12.3.1/thumb/v7e-m+fp/hard\libgcc.a
LOAD E:/CubeCLT/STM32CubeCLT_1.17.0/GNU-tools-for-STM32/bin/../lib/gcc/arm-none-eabi/12.3.1/../../../../arm-none-eabi/lib/thumb/v7e-m+fp/hard\libg_nano.a
LOAD E:/CubeCLT/STM32CubeCLT_1.17.0/GNU-tools-for-STM32/bin/../lib/gcc/arm-none-eabi/12.3.1/../../../../arm-none-eabi/lib/thumb/v7e-m+fp/hard\libc_nano.a
END GROUP
START GROUP
LOAD E:/CubeCLT/STM32CubeCLT_1.17.0/GNU-tools-for-STM32/bin/../lib/gcc/arm-none-eabi/12.3.1/thumb/v7e-m+fp/hard\libgcc.a
LOAD E:/CubeCLT/STM32CubeCLT_1.17.0/GNU-tools-for-STM32/bin/../lib/gcc/arm-none-eabi/12.3.1/../../../../arm-none-eabi/lib/thumb/v7e-m+fp/hard\libc_nano.a
END GROUP
LOAD E:/CubeCLT/STM32CubeCLT_1.17.0/GNU-tools-for-STM32/bin/../lib/gcc/arm-none-eabi/12.3.1/thumb/v7e-m+fp/hard/crtend.o
LOAD E:/CubeCLT/STM32CubeCLT_1.17.0/GNU-tools-for-STM32/bin/../lib/gcc/arm-none-eabi/12.3.1/thumb/v7e-m+fp/hard/crtn.o
                0x20020000                        _estack = (ORIGIN (RAM) + LENGTH (RAM))
                0x00000200                        _Min_Heap_Size = 0x200
                0x00000400                        _Min_Stack_Size = 0x400

.isr_vector     0x08000000      0x188
                0x08000000                        . = ALIGN (0x4)
 *(.isr_vector)
 .isr_vector    0x08000000      0x188 CMakeFiles/SmartCar.dir/startup_stm32f407xx.s.obj
                0x08000000                g_pfnVectors
                0x08000188                        . = ALIGN (0x4)

.text           0x08000190    0x1067c
                0x08000190                        . = ALIGN (0x4)
 *(.text)
 .text          0x08000190       0x40 E:/CubeCLT/STM32CubeCLT_1.17.0/GNU-tools-for-STM32/bin/../lib/gcc/arm-none-eabi/12.3.1/thumb/v7e-m+fp/hard/crtbegin.o
 .text          0x080001d0       0xa0 E:/CubeCLT/STM32CubeCLT_1.17.0/GNU-tools-for-STM32/bin/../lib/gcc/arm-none-eabi/12.3.1/../../../../arm-none-eabi/lib/thumb/v7e-m+fp/hard\libc_nano.a(libc_a-memchr.o)
                0x080001d0                memchr
 .text          0x08000270       0x10 E:/CubeCLT/STM32CubeCLT_1.17.0/GNU-tools-for-STM32/bin/../lib/gcc/arm-none-eabi/12.3.1/../../../../arm-none-eabi/lib/thumb/v7e-m+fp/hard\libc_nano.a(libc_a-strlen.o)
                0x08000270                strlen
 .text          0x08000280       0x14 E:/CubeCLT/STM32CubeCLT_1.17.0/GNU-tools-for-STM32/bin/../lib/gcc/arm-none-eabi/12.3.1/../../../../arm-none-eabi/lib/thumb/v7e-m+fp/hard\libc_nano.a(libc_a-strcmp.o)
                0x08000280                strcmp
 .text          0x08000294      0x378 E:/CubeCLT/STM32CubeCLT_1.17.0/GNU-tools-for-STM32/bin/../lib/gcc/arm-none-eabi/12.3.1/thumb/v7e-m+fp/hard\libgcc.a(_arm_addsubdf3.o)
                0x08000294                __aeabi_drsub
                0x0800029c                __aeabi_dsub
                0x0800029c                __subdf3
                0x080002a0                __aeabi_dadd
                0x080002a0                __adddf3
                0x08000518                __floatunsidf
                0x08000518                __aeabi_ui2d
                0x08000538                __floatsidf
                0x08000538                __aeabi_i2d
                0x0800055c                __aeabi_f2d
                0x0800055c                __extendsfdf2
                0x080005a0                __floatundidf
                0x080005a0                __aeabi_ul2d
                0x080005b0                __floatdidf
                0x080005b0                __aeabi_l2d
 .text          0x0800060c      0x424 E:/CubeCLT/STM32CubeCLT_1.17.0/GNU-tools-for-STM32/bin/../lib/gcc/arm-none-eabi/12.3.1/thumb/v7e-m+fp/hard\libgcc.a(_arm_muldivdf3.o)
                0x0800060c                __aeabi_dmul
                0x0800060c                __muldf3
                0x08000860                __divdf3
                0x08000860                __aeabi_ddiv
 .text          0x08000a30      0x110 E:/CubeCLT/STM32CubeCLT_1.17.0/GNU-tools-for-STM32/bin/../lib/gcc/arm-none-eabi/12.3.1/thumb/v7e-m+fp/hard\libgcc.a(_arm_cmpdf2.o)
                0x08000a30                __gtdf2
                0x08000a30                __gedf2
                0x08000a38                __ltdf2
                0x08000a38                __ledf2
                0x08000a40                __nedf2
                0x08000a40                __eqdf2
                0x08000a40                __cmpdf2
                0x08000abc                __aeabi_cdrcmple
                0x08000acc                __aeabi_cdcmpeq
                0x08000acc                __aeabi_cdcmple
                0x08000adc                __aeabi_dcmpeq
                0x08000af0                __aeabi_dcmplt
                0x08000b04                __aeabi_dcmple
                0x08000b18                __aeabi_dcmpge
                0x08000b2c                __aeabi_dcmpgt
 .text          0x08000b40       0x2c E:/CubeCLT/STM32CubeCLT_1.17.0/GNU-tools-for-STM32/bin/../lib/gcc/arm-none-eabi/12.3.1/thumb/v7e-m+fp/hard\libgcc.a(_arm_unorddf2.o)
                0x08000b40                __unorddf2
                0x08000b40                __aeabi_dcmpun
 .text          0x08000b6c       0x50 E:/CubeCLT/STM32CubeCLT_1.17.0/GNU-tools-for-STM32/bin/../lib/gcc/arm-none-eabi/12.3.1/thumb/v7e-m+fp/hard\libgcc.a(_arm_fixdfsi.o)
                0x08000b6c                __aeabi_d2iz
                0x08000b6c                __fixdfsi
 .text          0x08000bbc       0xa0 E:/CubeCLT/STM32CubeCLT_1.17.0/GNU-tools-for-STM32/bin/../lib/gcc/arm-none-eabi/12.3.1/thumb/v7e-m+fp/hard\libgcc.a(_arm_truncdfsf2.o)
                0x08000bbc                __truncdfsf2
                0x08000bbc                __aeabi_d2f
 .text          0x08000c5c      0x21c E:/CubeCLT/STM32CubeCLT_1.17.0/GNU-tools-for-STM32/bin/../lib/gcc/arm-none-eabi/12.3.1/thumb/v7e-m+fp/hard\libgcc.a(_arm_addsubsf3.o)
                0x08000c5c                __aeabi_frsub
                0x08000c64                __subsf3
                0x08000c64                __aeabi_fsub
                0x08000c68                __aeabi_fadd
                0x08000c68                __addsf3
                0x08000dc8                __aeabi_ui2f
                0x08000dc8                __floatunsisf
                0x08000dd0                __aeabi_i2f
                0x08000dd0                __floatsisf
                0x08000dec                __aeabi_ul2f
                0x08000dec                __floatundisf
                0x08000dfc                __aeabi_l2f
                0x08000dfc                __floatdisf
 .text          0x08000e78       0x30 E:/CubeCLT/STM32CubeCLT_1.17.0/GNU-tools-for-STM32/bin/../lib/gcc/arm-none-eabi/12.3.1/thumb/v7e-m+fp/hard\libgcc.a(_aeabi_uldivmod.o)
                0x08000e78                __aeabi_uldivmod
 .text          0x08000ea8      0x2bc E:/CubeCLT/STM32CubeCLT_1.17.0/GNU-tools-for-STM32/bin/../lib/gcc/arm-none-eabi/12.3.1/thumb/v7e-m+fp/hard\libgcc.a(_udivmoddi4.o)
                0x08000ea8                __udivmoddi4
 .text          0x08001164        0x4 E:/CubeCLT/STM32CubeCLT_1.17.0/GNU-tools-for-STM32/bin/../lib/gcc/arm-none-eabi/12.3.1/thumb/v7e-m+fp/hard\libgcc.a(_dvmd_tls.o)
                0x08001164                __aeabi_idiv0
                0x08001164                __aeabi_ldiv0
 .text          0x08001168       0x40 E:/CubeCLT/STM32CubeCLT_1.17.0/GNU-tools-for-STM32/bin/../lib/gcc/arm-none-eabi/12.3.1/thumb/v7e-m+fp/hard\libgcc.a(_arm_fixunsdfsi.o)
                0x08001168                __aeabi_d2uiz
                0x08001168                __fixunsdfsi
 .text          0x080011a8       0x30 E:/CubeCLT/STM32CubeCLT_1.17.0/GNU-tools-for-STM32/bin/../lib/gcc/arm-none-eabi/12.3.1/thumb/v7e-m+fp/hard\libgcc.a(_fixdfdi.o)
                0x080011a8                __fixdfdi
                0x080011a8                __aeabi_d2lz
 .text          0x080011d8       0x3c E:/CubeCLT/STM32CubeCLT_1.17.0/GNU-tools-for-STM32/bin/../lib/gcc/arm-none-eabi/12.3.1/thumb/v7e-m+fp/hard\libgcc.a(_fixunsdfdi.o)
                0x080011d8                __fixunsdfdi
                0x080011d8                __aeabi_d2ulz
 *(.text*)
 .text.__cvt    0x08001214       0xca E:/CubeCLT/STM32CubeCLT_1.17.0/GNU-tools-for-STM32/bin/../lib/gcc/arm-none-eabi/12.3.1/../../../../arm-none-eabi/lib/thumb/v7e-m+fp/hard\libc_nano.a(libc_a-nano-vfprintf_float.o)
                0x08001214                __cvt
 .text.__exponent
                0x080012de       0x74 E:/CubeCLT/STM32CubeCLT_1.17.0/GNU-tools-for-STM32/bin/../lib/gcc/arm-none-eabi/12.3.1/../../../../arm-none-eabi/lib/thumb/v7e-m+fp/hard\libc_nano.a(libc_a-nano-vfprintf_float.o)
                0x080012de                __exponent
 *fill*         0x08001352        0x2 
 .text._printf_float
                0x08001354      0x454 E:/CubeCLT/STM32CubeCLT_1.17.0/GNU-tools-for-STM32/bin/../lib/gcc/arm-none-eabi/12.3.1/../../../../arm-none-eabi/lib/thumb/v7e-m+fp/hard\libc_nano.a(libc_a-nano-vfprintf_float.o)
                0x08001354                _printf_float
 .text._printf_common
                0x080017a8       0xda E:/CubeCLT/STM32CubeCLT_1.17.0/GNU-tools-for-STM32/bin/../lib/gcc/arm-none-eabi/12.3.1/../../../../arm-none-eabi/lib/thumb/v7e-m+fp/hard\libc_nano.a(libc_a-nano-vfprintf_i.o)
                0x080017a8                _printf_common
 *fill*         0x08001882        0x2 
 .text._printf_i
                0x08001884      0x240 E:/CubeCLT/STM32CubeCLT_1.17.0/GNU-tools-for-STM32/bin/../lib/gcc/arm-none-eabi/12.3.1/../../../../arm-none-eabi/lib/thumb/v7e-m+fp/hard\libc_nano.a(libc_a-nano-vfprintf_i.o)
                0x08001884                _printf_i
 .text.std      0x08001ac4       0x6c E:/CubeCLT/STM32CubeCLT_1.17.0/GNU-tools-for-STM32/bin/../lib/gcc/arm-none-eabi/12.3.1/../../../../arm-none-eabi/lib/thumb/v7e-m+fp/hard\libc_nano.a(libc_a-findfp.o)
 .text.stdio_exit_handler
                0x08001b30       0x18 E:/CubeCLT/STM32CubeCLT_1.17.0/GNU-tools-for-STM32/bin/../lib/gcc/arm-none-eabi/12.3.1/../../../../arm-none-eabi/lib/thumb/v7e-m+fp/hard\libc_nano.a(libc_a-findfp.o)
 .text.cleanup_stdio
                0x08001b48       0x40 E:/CubeCLT/STM32CubeCLT_1.17.0/GNU-tools-for-STM32/bin/../lib/gcc/arm-none-eabi/12.3.1/../../../../arm-none-eabi/lib/thumb/v7e-m+fp/hard\libc_nano.a(libc_a-findfp.o)
 .text.global_stdio_init.part.0
                0x08001b88       0x3c E:/CubeCLT/STM32CubeCLT_1.17.0/GNU-tools-for-STM32/bin/../lib/gcc/arm-none-eabi/12.3.1/../../../../arm-none-eabi/lib/thumb/v7e-m+fp/hard\libc_nano.a(libc_a-findfp.o)
 .text.__sfp_lock_acquire
                0x08001bc4        0xc E:/CubeCLT/STM32CubeCLT_1.17.0/GNU-tools-for-STM32/bin/../lib/gcc/arm-none-eabi/12.3.1/../../../../arm-none-eabi/lib/thumb/v7e-m+fp/hard\libc_nano.a(libc_a-findfp.o)
                0x08001bc4                __sfp_lock_acquire
 .text.__sfp_lock_release
                0x08001bd0        0xc E:/CubeCLT/STM32CubeCLT_1.17.0/GNU-tools-for-STM32/bin/../lib/gcc/arm-none-eabi/12.3.1/../../../../arm-none-eabi/lib/thumb/v7e-m+fp/hard\libc_nano.a(libc_a-findfp.o)
                0x08001bd0                __sfp_lock_release
 .text.__sinit  0x08001bdc       0x30 E:/CubeCLT/STM32CubeCLT_1.17.0/GNU-tools-for-STM32/bin/../lib/gcc/arm-none-eabi/12.3.1/../../../../arm-none-eabi/lib/thumb/v7e-m+fp/hard\libc_nano.a(libc_a-findfp.o)
                0x08001bdc                __sinit
 .text._fwalk_sglue
                0x08001c0c       0x3c E:/CubeCLT/STM32CubeCLT_1.17.0/GNU-tools-for-STM32/bin/../lib/gcc/arm-none-eabi/12.3.1/../../../../arm-none-eabi/lib/thumb/v7e-m+fp/hard\libc_nano.a(libc_a-fwalk.o)
                0x08001c0c                _fwalk_sglue
 .text.__sread  0x08001c48       0x22 E:/CubeCLT/STM32CubeCLT_1.17.0/GNU-tools-for-STM32/bin/../lib/gcc/arm-none-eabi/12.3.1/../../../../arm-none-eabi/lib/thumb/v7e-m+fp/hard\libc_nano.a(libc_a-stdio.o)
                0x08001c48                __sread
 .text.__seofread
                0x08001c6a        0x4 E:/CubeCLT/STM32CubeCLT_1.17.0/GNU-tools-for-STM32/bin/../lib/gcc/arm-none-eabi/12.3.1/../../../../arm-none-eabi/lib/thumb/v7e-m+fp/hard\libc_nano.a(libc_a-stdio.o)
                0x08001c6a                __seofread
 .text.__swrite
                0x08001c6e       0x38 E:/CubeCLT/STM32CubeCLT_1.17.0/GNU-tools-for-STM32/bin/../lib/gcc/arm-none-eabi/12.3.1/../../../../arm-none-eabi/lib/thumb/v7e-m+fp/hard\libc_nano.a(libc_a-stdio.o)
                0x08001c6e                __swrite
 .text.__sseek  0x08001ca6       0x24 E:/CubeCLT/STM32CubeCLT_1.17.0/GNU-tools-for-STM32/bin/../lib/gcc/arm-none-eabi/12.3.1/../../../../arm-none-eabi/lib/thumb/v7e-m+fp/hard\libc_nano.a(libc_a-stdio.o)
                0x08001ca6                __sseek
 .text.__sclose
                0x08001cca        0x8 E:/CubeCLT/STM32CubeCLT_1.17.0/GNU-tools-for-STM32/bin/../lib/gcc/arm-none-eabi/12.3.1/../../../../arm-none-eabi/lib/thumb/v7e-m+fp/hard\libc_nano.a(libc_a-stdio.o)
                0x08001cca                __sclose
 .text.memset   0x08001cd2       0x10 E:/CubeCLT/STM32CubeCLT_1.17.0/GNU-tools-for-STM32/bin/../lib/gcc/arm-none-eabi/12.3.1/../../../../arm-none-eabi/lib/thumb/v7e-m+fp/hard\libc_nano.a(libc_a-memset.o)
                0x08001cd2                memset
 *fill*         0x08001ce2        0x2 
 .text._localeconv_r
                0x08001ce4        0x8 E:/CubeCLT/STM32CubeCLT_1.17.0/GNU-tools-for-STM32/bin/../lib/gcc/arm-none-eabi/12.3.1/../../../../arm-none-eabi/lib/thumb/v7e-m+fp/hard\libc_nano.a(libc_a-localeconv.o)
                0x08001ce4                _localeconv_r
 .text._close_r
                0x08001cec       0x20 E:/CubeCLT/STM32CubeCLT_1.17.0/GNU-tools-for-STM32/bin/../lib/gcc/arm-none-eabi/12.3.1/../../../../arm-none-eabi/lib/thumb/v7e-m+fp/hard\libc_nano.a(libc_a-closer.o)
                0x08001cec                _close_r
 .text._lseek_r
                0x08001d0c       0x24 E:/CubeCLT/STM32CubeCLT_1.17.0/GNU-tools-for-STM32/bin/../lib/gcc/arm-none-eabi/12.3.1/../../../../arm-none-eabi/lib/thumb/v7e-m+fp/hard\libc_nano.a(libc_a-lseekr.o)
                0x08001d0c                _lseek_r
 .text._read_r  0x08001d30       0x24 E:/CubeCLT/STM32CubeCLT_1.17.0/GNU-tools-for-STM32/bin/../lib/gcc/arm-none-eabi/12.3.1/../../../../arm-none-eabi/lib/thumb/v7e-m+fp/hard\libc_nano.a(libc_a-readr.o)
                0x08001d30                _read_r
 .text._write_r
                0x08001d54       0x24 E:/CubeCLT/STM32CubeCLT_1.17.0/GNU-tools-for-STM32/bin/../lib/gcc/arm-none-eabi/12.3.1/../../../../arm-none-eabi/lib/thumb/v7e-m+fp/hard\libc_nano.a(libc_a-writer.o)
                0x08001d54                _write_r
 .text.__libc_init_array
                0x08001d78       0x48 E:/CubeCLT/STM32CubeCLT_1.17.0/GNU-tools-for-STM32/bin/../lib/gcc/arm-none-eabi/12.3.1/../../../../arm-none-eabi/lib/thumb/v7e-m+fp/hard\libc_nano.a(libc_a-init.o)
                0x08001d78                __libc_init_array
 .text.__retarget_lock_init_recursive
                0x08001dc0        0x2 E:/CubeCLT/STM32CubeCLT_1.17.0/GNU-tools-for-STM32/bin/../lib/gcc/arm-none-eabi/12.3.1/../../../../arm-none-eabi/lib/thumb/v7e-m+fp/hard\libc_nano.a(libc_a-lock.o)
                0x08001dc0                __retarget_lock_init_recursive
 .text.__retarget_lock_acquire_recursive
                0x08001dc2        0x2 E:/CubeCLT/STM32CubeCLT_1.17.0/GNU-tools-for-STM32/bin/../lib/gcc/arm-none-eabi/12.3.1/../../../../arm-none-eabi/lib/thumb/v7e-m+fp/hard\libc_nano.a(libc_a-lock.o)
                0x08001dc2                __retarget_lock_acquire_recursive
 .text.__retarget_lock_release_recursive
                0x08001dc4        0x2 E:/CubeCLT/STM32CubeCLT_1.17.0/GNU-tools-for-STM32/bin/../lib/gcc/arm-none-eabi/12.3.1/../../../../arm-none-eabi/lib/thumb/v7e-m+fp/hard\libc_nano.a(libc_a-lock.o)
                0x08001dc4                __retarget_lock_release_recursive
 .text.quorem   0x08001dc6      0x110 E:/CubeCLT/STM32CubeCLT_1.17.0/GNU-tools-for-STM32/bin/../lib/gcc/arm-none-eabi/12.3.1/../../../../arm-none-eabi/lib/thumb/v7e-m+fp/hard\libc_nano.a(libc_a-dtoa.o)
 *fill*         0x08001ed6        0x2 
 .text._dtoa_r  0x08001ed8      0xb88 E:/CubeCLT/STM32CubeCLT_1.17.0/GNU-tools-for-STM32/bin/../lib/gcc/arm-none-eabi/12.3.1/../../../../arm-none-eabi/lib/thumb/v7e-m+fp/hard\libc_nano.a(libc_a-dtoa.o)
                0x08001ed8                _dtoa_r
 .text._free_r  0x08002a60       0x94 E:/CubeCLT/STM32CubeCLT_1.17.0/GNU-tools-for-STM32/bin/../lib/gcc/arm-none-eabi/12.3.1/../../../../arm-none-eabi/lib/thumb/v7e-m+fp/hard\libc_nano.a(libc_a-freer.o)
                0x08002a60                _free_r
 .text.malloc   0x08002af4       0x10 E:/CubeCLT/STM32CubeCLT_1.17.0/GNU-tools-for-STM32/bin/../lib/gcc/arm-none-eabi/12.3.1/../../../../arm-none-eabi/lib/thumb/v7e-m+fp/hard\libc_nano.a(libc_a-malloc.o)
                0x08002af4                malloc
 .text.sbrk_aligned
                0x08002b04       0x44 E:/CubeCLT/STM32CubeCLT_1.17.0/GNU-tools-for-STM32/bin/../lib/gcc/arm-none-eabi/12.3.1/../../../../arm-none-eabi/lib/thumb/v7e-m+fp/hard\libc_nano.a(libc_a-mallocr.o)
 .text._malloc_r
                0x08002b48      0x100 E:/CubeCLT/STM32CubeCLT_1.17.0/GNU-tools-for-STM32/bin/../lib/gcc/arm-none-eabi/12.3.1/../../../../arm-none-eabi/lib/thumb/v7e-m+fp/hard\libc_nano.a(libc_a-mallocr.o)
                0x08002b48                _malloc_r
 .text.__malloc_lock
                0x08002c48        0xc E:/CubeCLT/STM32CubeCLT_1.17.0/GNU-tools-for-STM32/bin/../lib/gcc/arm-none-eabi/12.3.1/../../../../arm-none-eabi/lib/thumb/v7e-m+fp/hard\libc_nano.a(libc_a-mlock.o)
                0x08002c48                __malloc_lock
 .text.__malloc_unlock
                0x08002c54        0xc E:/CubeCLT/STM32CubeCLT_1.17.0/GNU-tools-for-STM32/bin/../lib/gcc/arm-none-eabi/12.3.1/../../../../arm-none-eabi/lib/thumb/v7e-m+fp/hard\libc_nano.a(libc_a-mlock.o)
                0x08002c54                __malloc_unlock
 .text._Balloc  0x08002c60       0x80 E:/CubeCLT/STM32CubeCLT_1.17.0/GNU-tools-for-STM32/bin/../lib/gcc/arm-none-eabi/12.3.1/../../../../arm-none-eabi/lib/thumb/v7e-m+fp/hard\libc_nano.a(libc_a-mprec.o)
                0x08002c60                _Balloc
 .text._Bfree   0x08002ce0       0x44 E:/CubeCLT/STM32CubeCLT_1.17.0/GNU-tools-for-STM32/bin/../lib/gcc/arm-none-eabi/12.3.1/../../../../arm-none-eabi/lib/thumb/v7e-m+fp/hard\libc_nano.a(libc_a-mprec.o)
                0x08002ce0                _Bfree
 .text.__multadd
                0x08002d24       0x8c E:/CubeCLT/STM32CubeCLT_1.17.0/GNU-tools-for-STM32/bin/../lib/gcc/arm-none-eabi/12.3.1/../../../../arm-none-eabi/lib/thumb/v7e-m+fp/hard\libc_nano.a(libc_a-mprec.o)
                0x08002d24                __multadd
 .text.__s2b    0x08002db0       0x94 E:/CubeCLT/STM32CubeCLT_1.17.0/GNU-tools-for-STM32/bin/../lib/gcc/arm-none-eabi/12.3.1/../../../../arm-none-eabi/lib/thumb/v7e-m+fp/hard\libc_nano.a(libc_a-mprec.o)
                0x08002db0                __s2b
 .text.__hi0bits
                0x08002e44       0x3e E:/CubeCLT/STM32CubeCLT_1.17.0/GNU-tools-for-STM32/bin/../lib/gcc/arm-none-eabi/12.3.1/../../../../arm-none-eabi/lib/thumb/v7e-m+fp/hard\libc_nano.a(libc_a-mprec.o)
                0x08002e44                __hi0bits
 .text.__lo0bits
                0x08002e82       0x5a E:/CubeCLT/STM32CubeCLT_1.17.0/GNU-tools-for-STM32/bin/../lib/gcc/arm-none-eabi/12.3.1/../../../../arm-none-eabi/lib/thumb/v7e-m+fp/hard\libc_nano.a(libc_a-mprec.o)
                0x08002e82                __lo0bits
 .text.__i2b    0x08002edc       0x2c E:/CubeCLT/STM32CubeCLT_1.17.0/GNU-tools-for-STM32/bin/../lib/gcc/arm-none-eabi/12.3.1/../../../../arm-none-eabi/lib/thumb/v7e-m+fp/hard\libc_nano.a(libc_a-mprec.o)
                0x08002edc                __i2b
 .text.__multiply
                0x08002f08      0x154 E:/CubeCLT/STM32CubeCLT_1.17.0/GNU-tools-for-STM32/bin/../lib/gcc/arm-none-eabi/12.3.1/../../../../arm-none-eabi/lib/thumb/v7e-m+fp/hard\libc_nano.a(libc_a-mprec.o)
                0x08002f08                __multiply
 .text.__pow5mult
                0x0800305c       0xb4 E:/CubeCLT/STM32CubeCLT_1.17.0/GNU-tools-for-STM32/bin/../lib/gcc/arm-none-eabi/12.3.1/../../../../arm-none-eabi/lib/thumb/v7e-m+fp/hard\libc_nano.a(libc_a-mprec.o)
                0x0800305c                __pow5mult
 .text.__lshift
                0x08003110       0xd8 E:/CubeCLT/STM32CubeCLT_1.17.0/GNU-tools-for-STM32/bin/../lib/gcc/arm-none-eabi/12.3.1/../../../../arm-none-eabi/lib/thumb/v7e-m+fp/hard\libc_nano.a(libc_a-mprec.o)
                0x08003110                __lshift
 .text.__mcmp   0x080031e8       0x36 E:/CubeCLT/STM32CubeCLT_1.17.0/GNU-tools-for-STM32/bin/../lib/gcc/arm-none-eabi/12.3.1/../../../../arm-none-eabi/lib/thumb/v7e-m+fp/hard\libc_nano.a(libc_a-mprec.o)
                0x080031e8                __mcmp
 *fill*         0x0800321e        0x2 
 .text.__mdiff  0x08003220      0x128 E:/CubeCLT/STM32CubeCLT_1.17.0/GNU-tools-for-STM32/bin/../lib/gcc/arm-none-eabi/12.3.1/../../../../arm-none-eabi/lib/thumb/v7e-m+fp/hard\libc_nano.a(libc_a-mprec.o)
                0x08003220                __mdiff
 .text.__ulp    0x08003348       0x4c E:/CubeCLT/STM32CubeCLT_1.17.0/GNU-tools-for-STM32/bin/../lib/gcc/arm-none-eabi/12.3.1/../../../../arm-none-eabi/lib/thumb/v7e-m+fp/hard\libc_nano.a(libc_a-mprec.o)
                0x08003348                __ulp
 .text.__b2d    0x08003394       0x94 E:/CubeCLT/STM32CubeCLT_1.17.0/GNU-tools-for-STM32/bin/../lib/gcc/arm-none-eabi/12.3.1/../../../../arm-none-eabi/lib/thumb/v7e-m+fp/hard\libc_nano.a(libc_a-mprec.o)
                0x08003394                __b2d
 .text.__d2b    0x08003428       0xb0 E:/CubeCLT/STM32CubeCLT_1.17.0/GNU-tools-for-STM32/bin/../lib/gcc/arm-none-eabi/12.3.1/../../../../arm-none-eabi/lib/thumb/v7e-m+fp/hard\libc_nano.a(libc_a-mprec.o)
                0x08003428                __d2b
 .text.__ratio  0x080034d8       0x64 E:/CubeCLT/STM32CubeCLT_1.17.0/GNU-tools-for-STM32/bin/../lib/gcc/arm-none-eabi/12.3.1/../../../../arm-none-eabi/lib/thumb/v7e-m+fp/hard\libc_nano.a(libc_a-mprec.o)
                0x080034d8                __ratio
 .text.__copybits
                0x0800353c       0x46 E:/CubeCLT/STM32CubeCLT_1.17.0/GNU-tools-for-STM32/bin/../lib/gcc/arm-none-eabi/12.3.1/../../../../arm-none-eabi/lib/thumb/v7e-m+fp/hard\libc_nano.a(libc_a-mprec.o)
                0x0800353c                __copybits
 .text.__any_on
                0x08003582       0x42 E:/CubeCLT/STM32CubeCLT_1.17.0/GNU-tools-for-STM32/bin/../lib/gcc/arm-none-eabi/12.3.1/../../../../arm-none-eabi/lib/thumb/v7e-m+fp/hard\libc_nano.a(libc_a-mprec.o)
                0x08003582                __any_on
 .text.__sflush_r
                0x080035c4      0x108 E:/CubeCLT/STM32CubeCLT_1.17.0/GNU-tools-for-STM32/bin/../lib/gcc/arm-none-eabi/12.3.1/../../../../arm-none-eabi/lib/thumb/v7e-m+fp/hard\libc_nano.a(libc_a-fflush.o)
                0x080035c4                __sflush_r
 .text._fflush_r
                0x080036cc       0x50 E:/CubeCLT/STM32CubeCLT_1.17.0/GNU-tools-for-STM32/bin/../lib/gcc/arm-none-eabi/12.3.1/../../../../arm-none-eabi/lib/thumb/v7e-m+fp/hard\libc_nano.a(libc_a-fflush.o)
                0x080036cc                _fflush_r
 .text._sbrk_r  0x0800371c       0x20 E:/CubeCLT/STM32CubeCLT_1.17.0/GNU-tools-for-STM32/bin/../lib/gcc/arm-none-eabi/12.3.1/../../../../arm-none-eabi/lib/thumb/v7e-m+fp/hard\libc_nano.a(libc_a-sbrkr.o)
                0x0800371c                _sbrk_r
 .text.memcpy   0x0800373c       0x1c E:/CubeCLT/STM32CubeCLT_1.17.0/GNU-tools-for-STM32/bin/../lib/gcc/arm-none-eabi/12.3.1/../../../../arm-none-eabi/lib/thumb/v7e-m+fp/hard\libc_nano.a(libc_a-memcpy-stub.o)
                0x0800373c                memcpy
 .text.__assert_func
                0x08003758       0x3c E:/CubeCLT/STM32CubeCLT_1.17.0/GNU-tools-for-STM32/bin/../lib/gcc/arm-none-eabi/12.3.1/../../../../arm-none-eabi/lib/thumb/v7e-m+fp/hard\libc_nano.a(libc_a-assert.o)
                0x08003758                __assert_func
 .text._calloc_r
                0x08003794       0x28 E:/CubeCLT/STM32CubeCLT_1.17.0/GNU-tools-for-STM32/bin/../lib/gcc/arm-none-eabi/12.3.1/../../../../arm-none-eabi/lib/thumb/v7e-m+fp/hard\libc_nano.a(libc_a-callocr.o)
                0x08003794                _calloc_r
 .text.__ascii_mbtowc
                0x080037bc       0x24 E:/CubeCLT/STM32CubeCLT_1.17.0/GNU-tools-for-STM32/bin/../lib/gcc/arm-none-eabi/12.3.1/../../../../arm-none-eabi/lib/thumb/v7e-m+fp/hard\libc_nano.a(libc_a-mbtowc_r.o)
                0x080037bc                __ascii_mbtowc
 .text.__ascii_wctomb
                0x080037e0       0x1a E:/CubeCLT/STM32CubeCLT_1.17.0/GNU-tools-for-STM32/bin/../lib/gcc/arm-none-eabi/12.3.1/../../../../arm-none-eabi/lib/thumb/v7e-m+fp/hard\libc_nano.a(libc_a-wctomb_r.o)
                0x080037e0                __ascii_wctomb
 *fill*         0x080037fa        0x2 
 .text.fprintf  0x080037fc       0x24 E:/CubeCLT/STM32CubeCLT_1.17.0/GNU-tools-for-STM32/bin/../lib/gcc/arm-none-eabi/12.3.1/../../../../arm-none-eabi/lib/thumb/v7e-m+fp/hard\libc_nano.a(libc_a-fprintf.o)
                0x080037fc                fiprintf
                0x080037fc                fprintf
 .text.abort    0x08003820        0xe E:/CubeCLT/STM32CubeCLT_1.17.0/GNU-tools-for-STM32/bin/../lib/gcc/arm-none-eabi/12.3.1/../../../../arm-none-eabi/lib/thumb/v7e-m+fp/hard\libc_nano.a(libc_a-abort.o)
                0x08003820                abort
 .text.__sfputc_r
                0x0800382e       0x2e E:/CubeCLT/STM32CubeCLT_1.17.0/GNU-tools-for-STM32/bin/../lib/gcc/arm-none-eabi/12.3.1/../../../../arm-none-eabi/lib/thumb/v7e-m+fp/hard\libc_nano.a(libc_a-nano-vfprintf.o)
 .text.__sfputs_r
                0x0800385c       0x24 E:/CubeCLT/STM32CubeCLT_1.17.0/GNU-tools-for-STM32/bin/../lib/gcc/arm-none-eabi/12.3.1/../../../../arm-none-eabi/lib/thumb/v7e-m+fp/hard\libc_nano.a(libc_a-nano-vfprintf.o)
                0x0800385c                __sfputs_r
 .text._vfprintf_r
                0x08003880      0x230 E:/CubeCLT/STM32CubeCLT_1.17.0/GNU-tools-for-STM32/bin/../lib/gcc/arm-none-eabi/12.3.1/../../../../arm-none-eabi/lib/thumb/v7e-m+fp/hard\libc_nano.a(libc_a-nano-vfprintf.o)
                0x08003880                _vfprintf_r
                0x08003880                _vfiprintf_r
 .text.__swbuf_r
                0x08003ab0       0x7c E:/CubeCLT/STM32CubeCLT_1.17.0/GNU-tools-for-STM32/bin/../lib/gcc/arm-none-eabi/12.3.1/../../../../arm-none-eabi/lib/thumb/v7e-m+fp/hard\libc_nano.a(libc_a-wbuf.o)
                0x08003ab0                __swbuf_r
 .text.__swsetup_r
                0x08003b2c       0xac E:/CubeCLT/STM32CubeCLT_1.17.0/GNU-tools-for-STM32/bin/../lib/gcc/arm-none-eabi/12.3.1/../../../../arm-none-eabi/lib/thumb/v7e-m+fp/hard\libc_nano.a(libc_a-wsetup.o)
                0x08003b2c                __swsetup_r
 .text.memmove  0x08003bd8       0x34 E:/CubeCLT/STM32CubeCLT_1.17.0/GNU-tools-for-STM32/bin/../lib/gcc/arm-none-eabi/12.3.1/../../../../arm-none-eabi/lib/thumb/v7e-m+fp/hard\libc_nano.a(libc_a-memmove.o)
                0x08003bd8                memmove
 .text._raise_r
                0x08003c0c       0x50 E:/CubeCLT/STM32CubeCLT_1.17.0/GNU-tools-for-STM32/bin/../lib/gcc/arm-none-eabi/12.3.1/../../../../arm-none-eabi/lib/thumb/v7e-m+fp/hard\libc_nano.a(libc_a-signal.o)
                0x08003c0c                _raise_r
 .text.raise    0x08003c5c       0x10 E:/CubeCLT/STM32CubeCLT_1.17.0/GNU-tools-for-STM32/bin/../lib/gcc/arm-none-eabi/12.3.1/../../../../arm-none-eabi/lib/thumb/v7e-m+fp/hard\libc_nano.a(libc_a-signal.o)
                0x08003c5c                raise
 .text._kill_r  0x08003c6c       0x24 E:/CubeCLT/STM32CubeCLT_1.17.0/GNU-tools-for-STM32/bin/../lib/gcc/arm-none-eabi/12.3.1/../../../../arm-none-eabi/lib/thumb/v7e-m+fp/hard\libc_nano.a(libc_a-signalr.o)
                0x08003c6c                _kill_r
 .text._getpid_r
                0x08003c90        0x4 E:/CubeCLT/STM32CubeCLT_1.17.0/GNU-tools-for-STM32/bin/../lib/gcc/arm-none-eabi/12.3.1/../../../../arm-none-eabi/lib/thumb/v7e-m+fp/hard\libc_nano.a(libc_a-signalr.o)
                0x08003c90                _getpid_r
 .text._realloc_r
                0x08003c94       0x5c E:/CubeCLT/STM32CubeCLT_1.17.0/GNU-tools-for-STM32/bin/../lib/gcc/arm-none-eabi/12.3.1/../../../../arm-none-eabi/lib/thumb/v7e-m+fp/hard\libc_nano.a(libc_a-reallocr.o)
                0x08003c94                _realloc_r
 .text.__swhatbuf_r
                0x08003cf0       0x4c E:/CubeCLT/STM32CubeCLT_1.17.0/GNU-tools-for-STM32/bin/../lib/gcc/arm-none-eabi/12.3.1/../../../../arm-none-eabi/lib/thumb/v7e-m+fp/hard\libc_nano.a(libc_a-makebuf.o)
                0x08003cf0                __swhatbuf_r
 .text.__smakebuf_r
                0x08003d3c       0x78 E:/CubeCLT/STM32CubeCLT_1.17.0/GNU-tools-for-STM32/bin/../lib/gcc/arm-none-eabi/12.3.1/../../../../arm-none-eabi/lib/thumb/v7e-m+fp/hard\libc_nano.a(libc_a-makebuf.o)
                0x08003d3c                __smakebuf_r
 .text._fstat_r
                0x08003db4       0x24 E:/CubeCLT/STM32CubeCLT_1.17.0/GNU-tools-for-STM32/bin/../lib/gcc/arm-none-eabi/12.3.1/../../../../arm-none-eabi/lib/thumb/v7e-m+fp/hard\libc_nano.a(libc_a-fstatr.o)
                0x08003db4                _fstat_r
 .text._isatty_r
                0x08003dd8       0x20 E:/CubeCLT/STM32CubeCLT_1.17.0/GNU-tools-for-STM32/bin/../lib/gcc/arm-none-eabi/12.3.1/../../../../arm-none-eabi/lib/thumb/v7e-m+fp/hard\libc_nano.a(libc_a-isattyr.o)
                0x08003dd8                _isatty_r
 .text._malloc_usable_size_r
                0x08003df8       0x10 E:/CubeCLT/STM32CubeCLT_1.17.0/GNU-tools-for-STM32/bin/../lib/gcc/arm-none-eabi/12.3.1/../../../../arm-none-eabi/lib/thumb/v7e-m+fp/hard\libc_nano.a(libc_a-msizer.o)
                0x08003df8                _malloc_usable_size_r
 .text.SystemInit
                0x08003e08       0x24 cmake/stm32cubemx/CMakeFiles/STM32_Drivers.dir/__/__/Core/Src/system_stm32f4xx.c.obj
                0x08003e08                SystemInit
 .text.HAL_ADC_Init
                0x08003e2c       0x86 cmake/stm32cubemx/CMakeFiles/STM32_Drivers.dir/__/__/Drivers/STM32F4xx_HAL_Driver/Src/stm32f4xx_hal_adc.c.obj
                0x08003e2c                HAL_ADC_Init
 *fill*         0x08003eb2        0x2 
 .text.HAL_ADC_Start_DMA
                0x08003eb4      0x228 cmake/stm32cubemx/CMakeFiles/STM32_Drivers.dir/__/__/Drivers/STM32F4xx_HAL_Driver/Src/stm32f4xx_hal_adc.c.obj
                0x08003eb4                HAL_ADC_Start_DMA
 .text.HAL_ADC_ConvCpltCallback
                0x080040dc       0x14 cmake/stm32cubemx/CMakeFiles/STM32_Drivers.dir/__/__/Drivers/STM32F4xx_HAL_Driver/Src/stm32f4xx_hal_adc.c.obj
                0x080040dc                HAL_ADC_ConvCpltCallback
 .text.HAL_ADC_ConvHalfCpltCallback
                0x080040f0       0x14 cmake/stm32cubemx/CMakeFiles/STM32_Drivers.dir/__/__/Drivers/STM32F4xx_HAL_Driver/Src/stm32f4xx_hal_adc.c.obj
                0x080040f0                HAL_ADC_ConvHalfCpltCallback
 .text.HAL_ADC_ErrorCallback
                0x08004104       0x14 cmake/stm32cubemx/CMakeFiles/STM32_Drivers.dir/__/__/Drivers/STM32F4xx_HAL_Driver/Src/stm32f4xx_hal_adc.c.obj
                0x08004104                HAL_ADC_ErrorCallback
 .text.HAL_ADC_ConfigChannel
                0x08004118      0x244 cmake/stm32cubemx/CMakeFiles/STM32_Drivers.dir/__/__/Drivers/STM32F4xx_HAL_Driver/Src/stm32f4xx_hal_adc.c.obj
                0x08004118                HAL_ADC_ConfigChannel
 .text.ADC_Init
                0x0800435c      0x1f8 cmake/stm32cubemx/CMakeFiles/STM32_Drivers.dir/__/__/Drivers/STM32F4xx_HAL_Driver/Src/stm32f4xx_hal_adc.c.obj
 .text.ADC_DMAConvCplt
                0x08004554       0xba cmake/stm32cubemx/CMakeFiles/STM32_Drivers.dir/__/__/Drivers/STM32F4xx_HAL_Driver/Src/stm32f4xx_hal_adc.c.obj
 .text.ADC_DMAHalfConvCplt
                0x0800460e       0x1c cmake/stm32cubemx/CMakeFiles/STM32_Drivers.dir/__/__/Drivers/STM32F4xx_HAL_Driver/Src/stm32f4xx_hal_adc.c.obj
 .text.ADC_DMAError
                0x0800462a       0x2e cmake/stm32cubemx/CMakeFiles/STM32_Drivers.dir/__/__/Drivers/STM32F4xx_HAL_Driver/Src/stm32f4xx_hal_adc.c.obj
 .text.HAL_RCC_OscConfig
                0x08004658      0x4f0 cmake/stm32cubemx/CMakeFiles/STM32_Drivers.dir/__/__/Drivers/STM32F4xx_HAL_Driver/Src/stm32f4xx_hal_rcc.c.obj
                0x08004658                HAL_RCC_OscConfig
 .text.HAL_RCC_ClockConfig
                0x08004b48      0x1cc cmake/stm32cubemx/CMakeFiles/STM32_Drivers.dir/__/__/Drivers/STM32F4xx_HAL_Driver/Src/stm32f4xx_hal_rcc.c.obj
                0x08004b48                HAL_RCC_ClockConfig
 .text.HAL_RCC_GetSysClockFreq
                0x08004d14      0x20c cmake/stm32cubemx/CMakeFiles/STM32_Drivers.dir/__/__/Drivers/STM32F4xx_HAL_Driver/Src/stm32f4xx_hal_rcc.c.obj
                0x08004d14                HAL_RCC_GetSysClockFreq
 .text.HAL_RCC_GetHCLKFreq
                0x08004f20       0x18 cmake/stm32cubemx/CMakeFiles/STM32_Drivers.dir/__/__/Drivers/STM32F4xx_HAL_Driver/Src/stm32f4xx_hal_rcc.c.obj
                0x08004f20                HAL_RCC_GetHCLKFreq
 .text.HAL_RCC_GetPCLK1Freq
                0x08004f38       0x28 cmake/stm32cubemx/CMakeFiles/STM32_Drivers.dir/__/__/Drivers/STM32F4xx_HAL_Driver/Src/stm32f4xx_hal_rcc.c.obj
                0x08004f38                HAL_RCC_GetPCLK1Freq
 .text.HAL_RCC_GetPCLK2Freq
                0x08004f60       0x28 cmake/stm32cubemx/CMakeFiles/STM32_Drivers.dir/__/__/Drivers/STM32F4xx_HAL_Driver/Src/stm32f4xx_hal_rcc.c.obj
                0x08004f60                HAL_RCC_GetPCLK2Freq
 .text.HAL_GPIO_Init
                0x08004f88      0x338 cmake/stm32cubemx/CMakeFiles/STM32_Drivers.dir/__/__/Drivers/STM32F4xx_HAL_Driver/Src/stm32f4xx_hal_gpio.c.obj
                0x08004f88                HAL_GPIO_Init
 .text.HAL_GPIO_WritePin
                0x080052c0       0x32 cmake/stm32cubemx/CMakeFiles/STM32_Drivers.dir/__/__/Drivers/STM32F4xx_HAL_Driver/Src/stm32f4xx_hal_gpio.c.obj
                0x080052c0                HAL_GPIO_WritePin
 *fill*         0x080052f2        0x2 
 .text.HAL_DMA_Init
                0x080052f4      0x15c cmake/stm32cubemx/CMakeFiles/STM32_Drivers.dir/__/__/Drivers/STM32F4xx_HAL_Driver/Src/stm32f4xx_hal_dma.c.obj
                0x080052f4                HAL_DMA_Init
 .text.HAL_DMA_Start_IT
                0x08005450       0xb0 cmake/stm32cubemx/CMakeFiles/STM32_Drivers.dir/__/__/Drivers/STM32F4xx_HAL_Driver/Src/stm32f4xx_hal_dma.c.obj
                0x08005450                HAL_DMA_Start_IT
 .text.HAL_DMA_Abort
                0x08005500       0xe0 cmake/stm32cubemx/CMakeFiles/STM32_Drivers.dir/__/__/Drivers/STM32F4xx_HAL_Driver/Src/stm32f4xx_hal_dma.c.obj
                0x08005500                HAL_DMA_Abort
 .text.HAL_DMA_Abort_IT
                0x080055e0       0x44 cmake/stm32cubemx/CMakeFiles/STM32_Drivers.dir/__/__/Drivers/STM32F4xx_HAL_Driver/Src/stm32f4xx_hal_dma.c.obj
                0x080055e0                HAL_DMA_Abort_IT
 .text.HAL_DMA_IRQHandler
                0x08005624      0x314 cmake/stm32cubemx/CMakeFiles/STM32_Drivers.dir/__/__/Drivers/STM32F4xx_HAL_Driver/Src/stm32f4xx_hal_dma.c.obj
                0x08005624                HAL_DMA_IRQHandler
 .text.DMA_SetConfig
                0x08005938       0x5c cmake/stm32cubemx/CMakeFiles/STM32_Drivers.dir/__/__/Drivers/STM32F4xx_HAL_Driver/Src/stm32f4xx_hal_dma.c.obj
 .text.DMA_CalcBaseAndBitshift
                0x08005994       0x6c cmake/stm32cubemx/CMakeFiles/STM32_Drivers.dir/__/__/Drivers/STM32F4xx_HAL_Driver/Src/stm32f4xx_hal_dma.c.obj
 .text.DMA_CheckFifoParam
                0x08005a00       0xf8 cmake/stm32cubemx/CMakeFiles/STM32_Drivers.dir/__/__/Drivers/STM32F4xx_HAL_Driver/Src/stm32f4xx_hal_dma.c.obj
 .text.__NVIC_SetPriorityGrouping
                0x08005af8       0x48 cmake/stm32cubemx/CMakeFiles/STM32_Drivers.dir/__/__/Drivers/STM32F4xx_HAL_Driver/Src/stm32f4xx_hal_cortex.c.obj
 .text.__NVIC_GetPriorityGrouping
                0x08005b40       0x1c cmake/stm32cubemx/CMakeFiles/STM32_Drivers.dir/__/__/Drivers/STM32F4xx_HAL_Driver/Src/stm32f4xx_hal_cortex.c.obj
 .text.__NVIC_EnableIRQ
                0x08005b5c       0x3c cmake/stm32cubemx/CMakeFiles/STM32_Drivers.dir/__/__/Drivers/STM32F4xx_HAL_Driver/Src/stm32f4xx_hal_cortex.c.obj
 .text.__NVIC_SetPriority
                0x08005b98       0x54 cmake/stm32cubemx/CMakeFiles/STM32_Drivers.dir/__/__/Drivers/STM32F4xx_HAL_Driver/Src/stm32f4xx_hal_cortex.c.obj
 .text.NVIC_EncodePriority
                0x08005bec       0x66 cmake/stm32cubemx/CMakeFiles/STM32_Drivers.dir/__/__/Drivers/STM32F4xx_HAL_Driver/Src/stm32f4xx_hal_cortex.c.obj
 *fill*         0x08005c52        0x2 
 .text.SysTick_Config
                0x08005c54       0x44 cmake/stm32cubemx/CMakeFiles/STM32_Drivers.dir/__/__/Drivers/STM32F4xx_HAL_Driver/Src/stm32f4xx_hal_cortex.c.obj
 .text.HAL_NVIC_SetPriorityGrouping
                0x08005c98       0x16 cmake/stm32cubemx/CMakeFiles/STM32_Drivers.dir/__/__/Drivers/STM32F4xx_HAL_Driver/Src/stm32f4xx_hal_cortex.c.obj
                0x08005c98                HAL_NVIC_SetPriorityGrouping
 .text.HAL_NVIC_SetPriority
                0x08005cae       0x38 cmake/stm32cubemx/CMakeFiles/STM32_Drivers.dir/__/__/Drivers/STM32F4xx_HAL_Driver/Src/stm32f4xx_hal_cortex.c.obj
                0x08005cae                HAL_NVIC_SetPriority
 .text.HAL_NVIC_EnableIRQ
                0x08005ce6       0x1c cmake/stm32cubemx/CMakeFiles/STM32_Drivers.dir/__/__/Drivers/STM32F4xx_HAL_Driver/Src/stm32f4xx_hal_cortex.c.obj
                0x08005ce6                HAL_NVIC_EnableIRQ
 .text.HAL_SYSTICK_Config
                0x08005d02       0x18 cmake/stm32cubemx/CMakeFiles/STM32_Drivers.dir/__/__/Drivers/STM32F4xx_HAL_Driver/Src/stm32f4xx_hal_cortex.c.obj
                0x08005d02                HAL_SYSTICK_Config
 *fill*         0x08005d1a        0x2 
 .text.HAL_Init
                0x08005d1c       0x44 cmake/stm32cubemx/CMakeFiles/STM32_Drivers.dir/__/__/Drivers/STM32F4xx_HAL_Driver/Src/stm32f4xx_hal.c.obj
                0x08005d1c                HAL_Init
 .text.HAL_InitTick
                0x08005d60       0x60 cmake/stm32cubemx/CMakeFiles/STM32_Drivers.dir/__/__/Drivers/STM32F4xx_HAL_Driver/Src/stm32f4xx_hal.c.obj
                0x08005d60                HAL_InitTick
 .text.HAL_IncTick
                0x08005dc0       0x28 cmake/stm32cubemx/CMakeFiles/STM32_Drivers.dir/__/__/Drivers/STM32F4xx_HAL_Driver/Src/stm32f4xx_hal.c.obj
                0x08005dc0                HAL_IncTick
 .text.HAL_GetTick
                0x08005de8       0x18 cmake/stm32cubemx/CMakeFiles/STM32_Drivers.dir/__/__/Drivers/STM32F4xx_HAL_Driver/Src/stm32f4xx_hal.c.obj
                0x08005de8                HAL_GetTick
 .text.HAL_Delay
                0x08005e00       0x48 cmake/stm32cubemx/CMakeFiles/STM32_Drivers.dir/__/__/Drivers/STM32F4xx_HAL_Driver/Src/stm32f4xx_hal.c.obj
                0x08005e00                HAL_Delay
 .text.HAL_I2C_Init
                0x08005e48      0x288 cmake/stm32cubemx/CMakeFiles/STM32_Drivers.dir/__/__/Drivers/STM32F4xx_HAL_Driver/Src/stm32f4xx_hal_i2c.c.obj
                0x08005e48                HAL_I2C_Init
 .text.HAL_I2C_Mem_Write
                0x080060d0      0x1f4 cmake/stm32cubemx/CMakeFiles/STM32_Drivers.dir/__/__/Drivers/STM32F4xx_HAL_Driver/Src/stm32f4xx_hal_i2c.c.obj
                0x080060d0                HAL_I2C_Mem_Write
 .text.HAL_I2C_Mem_Read
                0x080062c4      0x464 cmake/stm32cubemx/CMakeFiles/STM32_Drivers.dir/__/__/Drivers/STM32F4xx_HAL_Driver/Src/stm32f4xx_hal_i2c.c.obj
                0x080062c4                HAL_I2C_Mem_Read
 .text.I2C_RequestMemoryWrite
                0x08006728      0x12c cmake/stm32cubemx/CMakeFiles/STM32_Drivers.dir/__/__/Drivers/STM32F4xx_HAL_Driver/Src/stm32f4xx_hal_i2c.c.obj
 .text.I2C_RequestMemoryRead
                0x08006854      0x1d0 cmake/stm32cubemx/CMakeFiles/STM32_Drivers.dir/__/__/Drivers/STM32F4xx_HAL_Driver/Src/stm32f4xx_hal_i2c.c.obj
 .text.I2C_WaitOnFlagUntilTimeout
                0x08006a24       0xf4 cmake/stm32cubemx/CMakeFiles/STM32_Drivers.dir/__/__/Drivers/STM32F4xx_HAL_Driver/Src/stm32f4xx_hal_i2c.c.obj
 .text.I2C_WaitOnMasterAddressFlagUntilTimeout
                0x08006b18      0x140 cmake/stm32cubemx/CMakeFiles/STM32_Drivers.dir/__/__/Drivers/STM32F4xx_HAL_Driver/Src/stm32f4xx_hal_i2c.c.obj
 .text.I2C_WaitOnTXEFlagUntilTimeout
                0x08006c58       0x90 cmake/stm32cubemx/CMakeFiles/STM32_Drivers.dir/__/__/Drivers/STM32F4xx_HAL_Driver/Src/stm32f4xx_hal_i2c.c.obj
 .text.I2C_WaitOnBTFFlagUntilTimeout
                0x08006ce8       0x90 cmake/stm32cubemx/CMakeFiles/STM32_Drivers.dir/__/__/Drivers/STM32F4xx_HAL_Driver/Src/stm32f4xx_hal_i2c.c.obj
 .text.I2C_WaitOnRXNEFlagUntilTimeout
                0x08006d78       0xba cmake/stm32cubemx/CMakeFiles/STM32_Drivers.dir/__/__/Drivers/STM32F4xx_HAL_Driver/Src/stm32f4xx_hal_i2c.c.obj
 .text.I2C_IsAcknowledgeFailed
                0x08006e32       0x5e cmake/stm32cubemx/CMakeFiles/STM32_Drivers.dir/__/__/Drivers/STM32F4xx_HAL_Driver/Src/stm32f4xx_hal_i2c.c.obj
 .text.HAL_TIM_Base_Init
                0x08006e90       0x9e cmake/stm32cubemx/CMakeFiles/STM32_Drivers.dir/__/__/Drivers/STM32F4xx_HAL_Driver/Src/stm32f4xx_hal_tim.c.obj
                0x08006e90                HAL_TIM_Base_Init
 .text.HAL_TIM_PWM_Init
                0x08006f2e       0x9e cmake/stm32cubemx/CMakeFiles/STM32_Drivers.dir/__/__/Drivers/STM32F4xx_HAL_Driver/Src/stm32f4xx_hal_tim.c.obj
                0x08006f2e                HAL_TIM_PWM_Init
 .text.HAL_TIM_PWM_MspInit
                0x08006fcc       0x14 cmake/stm32cubemx/CMakeFiles/STM32_Drivers.dir/__/__/Drivers/STM32F4xx_HAL_Driver/Src/stm32f4xx_hal_tim.c.obj
                0x08006fcc                HAL_TIM_PWM_MspInit
 .text.HAL_TIM_PWM_Start
                0x08006fe0      0x190 cmake/stm32cubemx/CMakeFiles/STM32_Drivers.dir/__/__/Drivers/STM32F4xx_HAL_Driver/Src/stm32f4xx_hal_tim.c.obj
                0x08006fe0                HAL_TIM_PWM_Start
 .text.HAL_TIM_Encoder_Init
                0x08007170      0x14c cmake/stm32cubemx/CMakeFiles/STM32_Drivers.dir/__/__/Drivers/STM32F4xx_HAL_Driver/Src/stm32f4xx_hal_tim.c.obj
                0x08007170                HAL_TIM_Encoder_Init
 .text.HAL_TIM_Encoder_Start_IT
                0x080072bc      0x15c cmake/stm32cubemx/CMakeFiles/STM32_Drivers.dir/__/__/Drivers/STM32F4xx_HAL_Driver/Src/stm32f4xx_hal_tim.c.obj
                0x080072bc                HAL_TIM_Encoder_Start_IT
 .text.HAL_TIM_IRQHandler
                0x08007418      0x1e0 cmake/stm32cubemx/CMakeFiles/STM32_Drivers.dir/__/__/Drivers/STM32F4xx_HAL_Driver/Src/stm32f4xx_hal_tim.c.obj
                0x08007418                HAL_TIM_IRQHandler
 .text.HAL_TIM_PWM_ConfigChannel
                0x080075f8      0x184 cmake/stm32cubemx/CMakeFiles/STM32_Drivers.dir/__/__/Drivers/STM32F4xx_HAL_Driver/Src/stm32f4xx_hal_tim.c.obj
                0x080075f8                HAL_TIM_PWM_ConfigChannel
 .text.HAL_TIM_ConfigClockSource
                0x0800777c      0x18e cmake/stm32cubemx/CMakeFiles/STM32_Drivers.dir/__/__/Drivers/STM32F4xx_HAL_Driver/Src/stm32f4xx_hal_tim.c.obj
                0x0800777c                HAL_TIM_ConfigClockSource
 .text.HAL_TIM_PeriodElapsedCallback
                0x0800790a       0x14 cmake/stm32cubemx/CMakeFiles/STM32_Drivers.dir/__/__/Drivers/STM32F4xx_HAL_Driver/Src/stm32f4xx_hal_tim.c.obj
                0x0800790a                HAL_TIM_PeriodElapsedCallback
 .text.HAL_TIM_OC_DelayElapsedCallback
                0x0800791e       0x14 cmake/stm32cubemx/CMakeFiles/STM32_Drivers.dir/__/__/Drivers/STM32F4xx_HAL_Driver/Src/stm32f4xx_hal_tim.c.obj
                0x0800791e                HAL_TIM_OC_DelayElapsedCallback
 .text.HAL_TIM_IC_CaptureCallback
                0x08007932       0x14 cmake/stm32cubemx/CMakeFiles/STM32_Drivers.dir/__/__/Drivers/STM32F4xx_HAL_Driver/Src/stm32f4xx_hal_tim.c.obj
                0x08007932                HAL_TIM_IC_CaptureCallback
 .text.HAL_TIM_PWM_PulseFinishedCallback
                0x08007946       0x14 cmake/stm32cubemx/CMakeFiles/STM32_Drivers.dir/__/__/Drivers/STM32F4xx_HAL_Driver/Src/stm32f4xx_hal_tim.c.obj
                0x08007946                HAL_TIM_PWM_PulseFinishedCallback
 .text.HAL_TIM_TriggerCallback
                0x0800795a       0x14 cmake/stm32cubemx/CMakeFiles/STM32_Drivers.dir/__/__/Drivers/STM32F4xx_HAL_Driver/Src/stm32f4xx_hal_tim.c.obj
                0x0800795a                HAL_TIM_TriggerCallback
 *fill*         0x0800796e        0x2 
 .text.TIM_Base_SetConfig
                0x08007970      0x14c cmake/stm32cubemx/CMakeFiles/STM32_Drivers.dir/__/__/Drivers/STM32F4xx_HAL_Driver/Src/stm32f4xx_hal_tim.c.obj
                0x08007970                TIM_Base_SetConfig
 .text.TIM_OC1_SetConfig
                0x08007abc       0xe0 cmake/stm32cubemx/CMakeFiles/STM32_Drivers.dir/__/__/Drivers/STM32F4xx_HAL_Driver/Src/stm32f4xx_hal_tim.c.obj
 .text.TIM_OC2_SetConfig
                0x08007b9c       0xec cmake/stm32cubemx/CMakeFiles/STM32_Drivers.dir/__/__/Drivers/STM32F4xx_HAL_Driver/Src/stm32f4xx_hal_tim.c.obj
                0x08007b9c                TIM_OC2_SetConfig
 .text.TIM_OC3_SetConfig
                0x08007c88       0xe8 cmake/stm32cubemx/CMakeFiles/STM32_Drivers.dir/__/__/Drivers/STM32F4xx_HAL_Driver/Src/stm32f4xx_hal_tim.c.obj
 .text.TIM_OC4_SetConfig
                0x08007d70       0xac cmake/stm32cubemx/CMakeFiles/STM32_Drivers.dir/__/__/Drivers/STM32F4xx_HAL_Driver/Src/stm32f4xx_hal_tim.c.obj
 .text.TIM_TI1_ConfigInputStage
                0x08007e1c       0x5e cmake/stm32cubemx/CMakeFiles/STM32_Drivers.dir/__/__/Drivers/STM32F4xx_HAL_Driver/Src/stm32f4xx_hal_tim.c.obj
 .text.TIM_TI2_ConfigInputStage
                0x08007e7a       0x60 cmake/stm32cubemx/CMakeFiles/STM32_Drivers.dir/__/__/Drivers/STM32F4xx_HAL_Driver/Src/stm32f4xx_hal_tim.c.obj
 .text.TIM_ITRx_SetConfig
                0x08007eda       0x36 cmake/stm32cubemx/CMakeFiles/STM32_Drivers.dir/__/__/Drivers/STM32F4xx_HAL_Driver/Src/stm32f4xx_hal_tim.c.obj
 .text.TIM_ETR_SetConfig
                0x08007f10       0x40 cmake/stm32cubemx/CMakeFiles/STM32_Drivers.dir/__/__/Drivers/STM32F4xx_HAL_Driver/Src/stm32f4xx_hal_tim.c.obj
                0x08007f10                TIM_ETR_SetConfig
 .text.TIM_CCxChannelCmd
                0x08007f50       0x4a cmake/stm32cubemx/CMakeFiles/STM32_Drivers.dir/__/__/Drivers/STM32F4xx_HAL_Driver/Src/stm32f4xx_hal_tim.c.obj
                0x08007f50                TIM_CCxChannelCmd
 *fill*         0x08007f9a        0x2 
 .text.HAL_TIMEx_MasterConfigSynchronization
                0x08007f9c       0xf8 cmake/stm32cubemx/CMakeFiles/STM32_Drivers.dir/__/__/Drivers/STM32F4xx_HAL_Driver/Src/stm32f4xx_hal_tim_ex.c.obj
                0x08007f9c                HAL_TIMEx_MasterConfigSynchronization
 .text.HAL_TIMEx_CommutCallback
                0x08008094       0x14 cmake/stm32cubemx/CMakeFiles/STM32_Drivers.dir/__/__/Drivers/STM32F4xx_HAL_Driver/Src/stm32f4xx_hal_tim_ex.c.obj
                0x08008094                HAL_TIMEx_CommutCallback
 .text.HAL_TIMEx_BreakCallback
                0x080080a8       0x14 cmake/stm32cubemx/CMakeFiles/STM32_Drivers.dir/__/__/Drivers/STM32F4xx_HAL_Driver/Src/stm32f4xx_hal_tim_ex.c.obj
                0x080080a8                HAL_TIMEx_BreakCallback
 .text.HAL_UART_Init
                0x080080bc       0xa0 cmake/stm32cubemx/CMakeFiles/STM32_Drivers.dir/__/__/Drivers/STM32F4xx_HAL_Driver/Src/stm32f4xx_hal_uart.c.obj
                0x080080bc                HAL_UART_Init
 .text.HAL_UART_Transmit
                0x0800815c      0x116 cmake/stm32cubemx/CMakeFiles/STM32_Drivers.dir/__/__/Drivers/STM32F4xx_HAL_Driver/Src/stm32f4xx_hal_uart.c.obj
                0x0800815c                HAL_UART_Transmit
 .text.HAL_UART_DMAStop
                0x08008272       0xfe cmake/stm32cubemx/CMakeFiles/STM32_Drivers.dir/__/__/Drivers/STM32F4xx_HAL_Driver/Src/stm32f4xx_hal_uart.c.obj
                0x08008272                HAL_UART_DMAStop
 .text.HAL_UARTEx_ReceiveToIdle_DMA
                0x08008370       0xb2 cmake/stm32cubemx/CMakeFiles/STM32_Drivers.dir/__/__/Drivers/STM32F4xx_HAL_Driver/Src/stm32f4xx_hal_uart.c.obj
                0x08008370                HAL_UARTEx_ReceiveToIdle_DMA
 *fill*         0x08008422        0x2 
 .text.HAL_UART_IRQHandler
                0x08008424      0x554 cmake/stm32cubemx/CMakeFiles/STM32_Drivers.dir/__/__/Drivers/STM32F4xx_HAL_Driver/Src/stm32f4xx_hal_uart.c.obj
                0x08008424                HAL_UART_IRQHandler
 .text.HAL_UART_TxCpltCallback
                0x08008978       0x14 cmake/stm32cubemx/CMakeFiles/STM32_Drivers.dir/__/__/Drivers/STM32F4xx_HAL_Driver/Src/stm32f4xx_hal_uart.c.obj
                0x08008978                HAL_UART_TxCpltCallback
 .text.HAL_UART_RxCpltCallback
                0x0800898c       0x14 cmake/stm32cubemx/CMakeFiles/STM32_Drivers.dir/__/__/Drivers/STM32F4xx_HAL_Driver/Src/stm32f4xx_hal_uart.c.obj
                0x0800898c                HAL_UART_RxCpltCallback
 .text.HAL_UART_RxHalfCpltCallback
                0x080089a0       0x14 cmake/stm32cubemx/CMakeFiles/STM32_Drivers.dir/__/__/Drivers/STM32F4xx_HAL_Driver/Src/stm32f4xx_hal_uart.c.obj
                0x080089a0                HAL_UART_RxHalfCpltCallback
 .text.HAL_UART_ErrorCallback
                0x080089b4       0x14 cmake/stm32cubemx/CMakeFiles/STM32_Drivers.dir/__/__/Drivers/STM32F4xx_HAL_Driver/Src/stm32f4xx_hal_uart.c.obj
                0x080089b4                HAL_UART_ErrorCallback
 .text.UART_DMAReceiveCplt
                0x080089c8      0x12c cmake/stm32cubemx/CMakeFiles/STM32_Drivers.dir/__/__/Drivers/STM32F4xx_HAL_Driver/Src/stm32f4xx_hal_uart.c.obj
 .text.UART_DMARxHalfCplt
                0x08008af4       0x3c cmake/stm32cubemx/CMakeFiles/STM32_Drivers.dir/__/__/Drivers/STM32F4xx_HAL_Driver/Src/stm32f4xx_hal_uart.c.obj
 .text.UART_DMAError
                0x08008b30       0x94 cmake/stm32cubemx/CMakeFiles/STM32_Drivers.dir/__/__/Drivers/STM32F4xx_HAL_Driver/Src/stm32f4xx_hal_uart.c.obj
 .text.UART_WaitOnFlagUntilTimeout
                0x08008bc4       0xb2 cmake/stm32cubemx/CMakeFiles/STM32_Drivers.dir/__/__/Drivers/STM32F4xx_HAL_Driver/Src/stm32f4xx_hal_uart.c.obj
 *fill*         0x08008c76        0x2 
 .text.UART_Start_Receive_DMA
                0x08008c78      0x14c cmake/stm32cubemx/CMakeFiles/STM32_Drivers.dir/__/__/Drivers/STM32F4xx_HAL_Driver/Src/stm32f4xx_hal_uart.c.obj
                0x08008c78                UART_Start_Receive_DMA
 .text.UART_EndTxTransfer
                0x08008dc4       0x50 cmake/stm32cubemx/CMakeFiles/STM32_Drivers.dir/__/__/Drivers/STM32F4xx_HAL_Driver/Src/stm32f4xx_hal_uart.c.obj
 .text.UART_EndRxTransfer
                0x08008e14       0xc6 cmake/stm32cubemx/CMakeFiles/STM32_Drivers.dir/__/__/Drivers/STM32F4xx_HAL_Driver/Src/stm32f4xx_hal_uart.c.obj
 .text.UART_DMAAbortOnError
                0x08008eda       0x22 cmake/stm32cubemx/CMakeFiles/STM32_Drivers.dir/__/__/Drivers/STM32F4xx_HAL_Driver/Src/stm32f4xx_hal_uart.c.obj
 .text.UART_Transmit_IT
                0x08008efc       0xa0 cmake/stm32cubemx/CMakeFiles/STM32_Drivers.dir/__/__/Drivers/STM32F4xx_HAL_Driver/Src/stm32f4xx_hal_uart.c.obj
 .text.UART_EndTransmit_IT
                0x08008f9c       0x30 cmake/stm32cubemx/CMakeFiles/STM32_Drivers.dir/__/__/Drivers/STM32F4xx_HAL_Driver/Src/stm32f4xx_hal_uart.c.obj
 .text.UART_Receive_IT
                0x08008fcc      0x17c cmake/stm32cubemx/CMakeFiles/STM32_Drivers.dir/__/__/Drivers/STM32F4xx_HAL_Driver/Src/stm32f4xx_hal_uart.c.obj
 .text.UART_SetConfig
                0x08009148      0x4e8 cmake/stm32cubemx/CMakeFiles/STM32_Drivers.dir/__/__/Drivers/STM32F4xx_HAL_Driver/Src/stm32f4xx_hal_uart.c.obj
 .text.main     0x08009630       0xa4 CMakeFiles/SmartCar.dir/Core/Src/main.c.obj
                0x08009630                main
 .text.SystemClock_Config
                0x080096d4       0xd4 CMakeFiles/SmartCar.dir/Core/Src/main.c.obj
                0x080096d4                SystemClock_Config
 .text.Error_Handler
                0x080097a8        0xc CMakeFiles/SmartCar.dir/Core/Src/main.c.obj
                0x080097a8                Error_Handler
 .text.MX_GPIO_Init
                0x080097b4      0x104 CMakeFiles/SmartCar.dir/Core/Src/gpio.c.obj
                0x080097b4                MX_GPIO_Init
 .text.MX_ADC1_Init
                0x080098b8       0xb4 CMakeFiles/SmartCar.dir/Core/Src/adc.c.obj
                0x080098b8                MX_ADC1_Init
 .text.HAL_ADC_MspInit
                0x0800996c       0xec CMakeFiles/SmartCar.dir/Core/Src/adc.c.obj
                0x0800996c                HAL_ADC_MspInit
 .text.MX_DMA_Init
                0x08009a58       0x50 CMakeFiles/SmartCar.dir/Core/Src/dma.c.obj
                0x08009a58                MX_DMA_Init
 .text.MX_I2C1_Init
                0x08009aa8       0x5c CMakeFiles/SmartCar.dir/Core/Src/i2c.c.obj
                0x08009aa8                MX_I2C1_Init
 .text.MX_I2C2_Init
                0x08009b04       0x5c CMakeFiles/SmartCar.dir/Core/Src/i2c.c.obj
                0x08009b04                MX_I2C2_Init
 .text.MX_I2C3_Init
                0x08009b60       0x5c CMakeFiles/SmartCar.dir/Core/Src/i2c.c.obj
                0x08009b60                MX_I2C3_Init
 .text.HAL_I2C_MspInit
                0x08009bbc      0x1a8 CMakeFiles/SmartCar.dir/Core/Src/i2c.c.obj
                0x08009bbc                HAL_I2C_MspInit
 .text.MX_TIM2_Init
                0x08009d64       0xb0 CMakeFiles/SmartCar.dir/Core/Src/tim.c.obj
                0x08009d64                MX_TIM2_Init
 .text.MX_TIM3_Init
                0x08009e14       0xb0 CMakeFiles/SmartCar.dir/Core/Src/tim.c.obj
                0x08009e14                MX_TIM3_Init
 .text.MX_TIM4_Init
                0x08009ec4      0x114 CMakeFiles/SmartCar.dir/Core/Src/tim.c.obj
                0x08009ec4                MX_TIM4_Init
 .text.HAL_TIM_Encoder_MspInit
                0x08009fd8      0x114 CMakeFiles/SmartCar.dir/Core/Src/tim.c.obj
                0x08009fd8                HAL_TIM_Encoder_MspInit
 .text.HAL_TIM_Base_MspInit
                0x0800a0ec       0x44 CMakeFiles/SmartCar.dir/Core/Src/tim.c.obj
                0x0800a0ec                HAL_TIM_Base_MspInit
 .text.HAL_TIM_MspPostInit
                0x0800a130       0x74 CMakeFiles/SmartCar.dir/Core/Src/tim.c.obj
                0x0800a130                HAL_TIM_MspPostInit
 .text.MX_USART1_UART_Init
                0x0800a1a4       0x74 CMakeFiles/SmartCar.dir/Core/Src/usart.c.obj
                0x0800a1a4                MX_USART1_UART_Init
 .text.HAL_UART_MspInit
                0x0800a218      0x104 CMakeFiles/SmartCar.dir/Core/Src/usart.c.obj
                0x0800a218                HAL_UART_MspInit
 .text.NMI_Handler
                0x0800a31c        0x8 CMakeFiles/SmartCar.dir/Core/Src/stm32f4xx_it.c.obj
                0x0800a31c                NMI_Handler
 .text.HardFault_Handler
                0x0800a324        0x8 CMakeFiles/SmartCar.dir/Core/Src/stm32f4xx_it.c.obj
                0x0800a324                HardFault_Handler
 .text.MemManage_Handler
                0x0800a32c        0x8 CMakeFiles/SmartCar.dir/Core/Src/stm32f4xx_it.c.obj
                0x0800a32c                MemManage_Handler
 .text.BusFault_Handler
                0x0800a334        0x8 CMakeFiles/SmartCar.dir/Core/Src/stm32f4xx_it.c.obj
                0x0800a334                BusFault_Handler
 .text.UsageFault_Handler
                0x0800a33c        0x8 CMakeFiles/SmartCar.dir/Core/Src/stm32f4xx_it.c.obj
                0x0800a33c                UsageFault_Handler
 .text.SVC_Handler
                0x0800a344        0xe CMakeFiles/SmartCar.dir/Core/Src/stm32f4xx_it.c.obj
                0x0800a344                SVC_Handler
 .text.DebugMon_Handler
                0x0800a352        0xe CMakeFiles/SmartCar.dir/Core/Src/stm32f4xx_it.c.obj
                0x0800a352                DebugMon_Handler
 .text.PendSV_Handler
                0x0800a360        0xe CMakeFiles/SmartCar.dir/Core/Src/stm32f4xx_it.c.obj
                0x0800a360                PendSV_Handler
 .text.SysTick_Handler
                0x0800a36e        0xc CMakeFiles/SmartCar.dir/Core/Src/stm32f4xx_it.c.obj
                0x0800a36e                SysTick_Handler
 *fill*         0x0800a37a        0x2 
 .text.TIM2_IRQHandler
                0x0800a37c       0x14 CMakeFiles/SmartCar.dir/Core/Src/stm32f4xx_it.c.obj
                0x0800a37c                TIM2_IRQHandler
 .text.TIM3_IRQHandler
                0x0800a390       0x14 CMakeFiles/SmartCar.dir/Core/Src/stm32f4xx_it.c.obj
                0x0800a390                TIM3_IRQHandler
 .text.USART1_IRQHandler
                0x0800a3a4       0x14 CMakeFiles/SmartCar.dir/Core/Src/stm32f4xx_it.c.obj
                0x0800a3a4                USART1_IRQHandler
 .text.DMA2_Stream0_IRQHandler
                0x0800a3b8       0x14 CMakeFiles/SmartCar.dir/Core/Src/stm32f4xx_it.c.obj
                0x0800a3b8                DMA2_Stream0_IRQHandler
 .text.DMA2_Stream2_IRQHandler
                0x0800a3cc       0x14 CMakeFiles/SmartCar.dir/Core/Src/stm32f4xx_it.c.obj
                0x0800a3cc                DMA2_Stream2_IRQHandler
 .text.HAL_MspInit
                0x0800a3e0       0x50 CMakeFiles/SmartCar.dir/Core/Src/stm32f4xx_hal_msp.c.obj
                0x0800a3e0                HAL_MspInit
 .text._sbrk    0x0800a430       0x6c CMakeFiles/SmartCar.dir/Core/Src/sysmem.c.obj
                0x0800a430                _sbrk
 .text._getpid  0x0800a49c       0x10 CMakeFiles/SmartCar.dir/Core/Src/syscalls.c.obj
                0x0800a49c                _getpid
 .text._kill    0x0800a4ac       0x20 CMakeFiles/SmartCar.dir/Core/Src/syscalls.c.obj
                0x0800a4ac                _kill
 .text._exit    0x0800a4cc       0x16 CMakeFiles/SmartCar.dir/Core/Src/syscalls.c.obj
                0x0800a4cc                _exit
 .text._read    0x0800a4e2       0x3a CMakeFiles/SmartCar.dir/Core/Src/syscalls.c.obj
                0x0800a4e2                _read
 .text._write   0x0800a51c       0x38 CMakeFiles/SmartCar.dir/Core/Src/syscalls.c.obj
                0x0800a51c                _write
 .text._close   0x0800a554       0x18 CMakeFiles/SmartCar.dir/Core/Src/syscalls.c.obj
                0x0800a554                _close
 .text._fstat   0x0800a56c       0x20 CMakeFiles/SmartCar.dir/Core/Src/syscalls.c.obj
                0x0800a56c                _fstat
 .text._isatty  0x0800a58c       0x16 CMakeFiles/SmartCar.dir/Core/Src/syscalls.c.obj
                0x0800a58c                _isatty
 .text._lseek   0x0800a5a2       0x1a CMakeFiles/SmartCar.dir/Core/Src/syscalls.c.obj
                0x0800a5a2                _lseek
 .text.Reset_Handler
                0x0800a5bc       0x50 CMakeFiles/SmartCar.dir/startup_stm32f407xx.s.obj
                0x0800a5bc                Reset_Handler
 .text.Default_Handler
                0x0800a60c        0x2 CMakeFiles/SmartCar.dir/startup_stm32f407xx.s.obj
                0x0800a60c                RTC_Alarm_IRQHandler
                0x0800a60c                HASH_RNG_IRQHandler
                0x0800a60c                EXTI2_IRQHandler
                0x0800a60c                TIM8_CC_IRQHandler
                0x0800a60c                TIM1_CC_IRQHandler
                0x0800a60c                DMA2_Stream5_IRQHandler
                0x0800a60c                DMA1_Stream5_IRQHandler
                0x0800a60c                PVD_IRQHandler
                0x0800a60c                SDIO_IRQHandler
                0x0800a60c                TAMP_STAMP_IRQHandler
                0x0800a60c                CAN2_RX1_IRQHandler
                0x0800a60c                EXTI3_IRQHandler
                0x0800a60c                TIM8_TRG_COM_TIM14_IRQHandler
                0x0800a60c                TIM1_UP_TIM10_IRQHandler
                0x0800a60c                TIM8_UP_TIM13_IRQHandler
                0x0800a60c                I2C3_ER_IRQHandler
                0x0800a60c                EXTI0_IRQHandler
                0x0800a60c                I2C2_EV_IRQHandler
                0x0800a60c                DMA1_Stream2_IRQHandler
                0x0800a60c                CAN1_RX0_IRQHandler
                0x0800a60c                FPU_IRQHandler
                0x0800a60c                OTG_HS_WKUP_IRQHandler
                0x0800a60c                CAN2_SCE_IRQHandler
                0x0800a60c                SPI1_IRQHandler
                0x0800a60c                TIM6_DAC_IRQHandler
                0x0800a60c                TIM1_BRK_TIM9_IRQHandler
                0x0800a60c                DCMI_IRQHandler
                0x0800a60c                CAN2_RX0_IRQHandler
                0x0800a60c                DMA2_Stream3_IRQHandler
                0x0800a60c                USART6_IRQHandler
                0x0800a60c                USART3_IRQHandler
                0x0800a60c                CAN1_RX1_IRQHandler
                0x0800a60c                UART5_IRQHandler
                0x0800a60c                TIM4_IRQHandler
                0x0800a60c                I2C1_EV_IRQHandler
                0x0800a60c                DMA1_Stream6_IRQHandler
                0x0800a60c                DMA1_Stream1_IRQHandler
                0x0800a60c                UART4_IRQHandler
                0x0800a60c                RCC_IRQHandler
                0x0800a60c                TIM8_BRK_TIM12_IRQHandler
                0x0800a60c                Default_Handler
                0x0800a60c                EXTI15_10_IRQHandler
                0x0800a60c                ADC_IRQHandler
                0x0800a60c                DMA1_Stream7_IRQHandler
                0x0800a60c                TIM7_IRQHandler
                0x0800a60c                CAN2_TX_IRQHandler
                0x0800a60c                TIM5_IRQHandler
                0x0800a60c                DMA2_Stream7_IRQHandler
                0x0800a60c                I2C3_EV_IRQHandler
                0x0800a60c                EXTI9_5_IRQHandler
                0x0800a60c                RTC_WKUP_IRQHandler
                0x0800a60c                ETH_WKUP_IRQHandler
                0x0800a60c                SPI2_IRQHandler
                0x0800a60c                OTG_HS_EP1_IN_IRQHandler
                0x0800a60c                DMA1_Stream0_IRQHandler
                0x0800a60c                CAN1_TX_IRQHandler
                0x0800a60c                EXTI4_IRQHandler
                0x0800a60c                FSMC_IRQHandler
                0x0800a60c                ETH_IRQHandler
                0x0800a60c                OTG_HS_EP1_OUT_IRQHandler
                0x0800a60c                WWDG_IRQHandler
                0x0800a60c                OTG_FS_WKUP_IRQHandler
                0x0800a60c                TIM1_TRG_COM_TIM11_IRQHandler
                0x0800a60c                OTG_HS_IRQHandler
                0x0800a60c                EXTI1_IRQHandler
                0x0800a60c                USART2_IRQHandler
                0x0800a60c                I2C2_ER_IRQHandler
                0x0800a60c                DMA2_Stream1_IRQHandler
                0x0800a60c                CAN1_SCE_IRQHandler
                0x0800a60c                FLASH_IRQHandler
                0x0800a60c                DMA2_Stream4_IRQHandler
                0x0800a60c                OTG_FS_IRQHandler
                0x0800a60c                SPI3_IRQHandler
                0x0800a60c                DMA1_Stream4_IRQHandler
                0x0800a60c                I2C1_ER_IRQHandler
                0x0800a60c                DMA2_Stream6_IRQHandler
                0x0800a60c                DMA1_Stream3_IRQHandler
 *fill*         0x0800a60e        0x2 
 .text.scheduler_init
                0x0800a610       0x18 CMakeFiles/SmartCar.dir/APP/scheduler.c.obj
                0x0800a610                scheduler_init
 .text.scheduler_run
                0x0800a628       0x88 CMakeFiles/SmartCar.dir/APP/scheduler.c.obj
                0x0800a628                scheduler_run
 .text.adc_task
                0x0800a6b0       0x74 CMakeFiles/SmartCar.dir/APP/adc_app.c.obj
                0x0800a6b0                adc_task
 .text.Encoder_Init
                0x0800a724       0xf8 CMakeFiles/SmartCar.dir/APP/encoder_app.c.obj
                0x0800a724                Encoder_Init
 .text.calculate_speed_for_encoder
                0x0800a81c      0x154 CMakeFiles/SmartCar.dir/APP/encoder_app.c.obj
                0x0800a81c                calculate_speed_for_encoder
 .text.get_adaptive_sample_time
                0x0800a970       0x50 CMakeFiles/SmartCar.dir/APP/encoder_app.c.obj
                0x0800a970                get_adaptive_sample_time
 .text.apply_moving_average_filter
                0x0800a9c0       0xe4 CMakeFiles/SmartCar.dir/APP/encoder_app.c.obj
                0x0800a9c0                apply_moving_average_filter
 .text.calculate_differential_drive
                0x0800aaa4       0x74 CMakeFiles/SmartCar.dir/APP/encoder_app.c.obj
                0x0800aaa4                calculate_differential_drive
 .text.encoder_task
                0x0800ab18       0x2c CMakeFiles/SmartCar.dir/APP/encoder_app.c.obj
                0x0800ab18                encoder_task
 .text.clear_speed_data
                0x0800ab44      0x118 CMakeFiles/SmartCar.dir/APP/encoder_app.c.obj
                0x0800ab44                clear_speed_data
 .text.get_left_wheel_speed_ms
                0x0800ac5c       0x1c CMakeFiles/SmartCar.dir/APP/encoder_app.c.obj
                0x0800ac5c                get_left_wheel_speed_ms
 .text.get_right_wheel_speed_ms
                0x0800ac78       0x1c CMakeFiles/SmartCar.dir/APP/encoder_app.c.obj
                0x0800ac78                get_right_wheel_speed_ms
 .text.is_encoder_system_healthy
                0x0800ac94       0x6c CMakeFiles/SmartCar.dir/APP/encoder_app.c.obj
                0x0800ac94                is_encoder_system_healthy
 .text.debug_encoder_counter
                0x0800ad00      0x160 CMakeFiles/SmartCar.dir/APP/encoder_app.c.obj
                0x0800ad00                debug_encoder_counter
 .text.debug_encoder_speed
                0x0800ae60      0x234 CMakeFiles/SmartCar.dir/APP/encoder_app.c.obj
                0x0800ae60                debug_encoder_speed
 .text.encoder_calibration
                0x0800b094      0x164 CMakeFiles/SmartCar.dir/APP/encoder_app.c.obj
                0x0800b094                encoder_calibration
 .text.show_performance_stats
                0x0800b1f8      0x208 CMakeFiles/SmartCar.dir/APP/encoder_app.c.obj
                0x0800b1f8                show_performance_stats
 .text.reset_performance_stats
                0x0800b400       0x38 CMakeFiles/SmartCar.dir/APP/encoder_app.c.obj
                0x0800b400                reset_performance_stats
 .text.diagnose_encoder_sampling
                0x0800b438      0x194 CMakeFiles/SmartCar.dir/APP/encoder_app.c.obj
                0x0800b438                diagnose_encoder_sampling
 .text.gary_init
                0x0800b5cc       0xd0 CMakeFiles/SmartCar.dir/APP/gary_app.c.obj
                0x0800b5cc                gary_init
 .text.gary_task
                0x0800b69c      0x154 CMakeFiles/SmartCar.dir/APP/gary_app.c.obj
                0x0800b69c                gary_task
 .text.Gary_IsDataReady
                0x0800b7f0       0x18 CMakeFiles/SmartCar.dir/APP/gary_app.c.obj
                0x0800b7f0                Gary_IsDataReady
 .text.Gary_IsInitialized
                0x0800b808       0x18 CMakeFiles/SmartCar.dir/APP/gary_app.c.obj
                0x0800b808                Gary_IsInitialized
 .text.Gary_DetectLineState
                0x0800b820      0x12a CMakeFiles/SmartCar.dir/APP/gary_app.c.obj
                0x0800b820                Gary_DetectLineState
 *fill*         0x0800b94a        0x2 
 .text.Gary_CalculateLineError
                0x0800b94c       0xd4 CMakeFiles/SmartCar.dir/APP/gary_app.c.obj
                0x0800b94c                Gary_CalculateLineError
 .text.Gary_GetLineWidth
                0x0800ba20       0x4a CMakeFiles/SmartCar.dir/APP/gary_app.c.obj
                0x0800ba20                Gary_GetLineWidth
 *fill*         0x0800ba6a        0x2 
 .text.is_line_detected
                0x0800ba6c       0x20 CMakeFiles/SmartCar.dir/APP/gary_app.c.obj
                0x0800ba6c                is_line_detected
 .text.get_line_error
                0x0800ba8c       0x1c CMakeFiles/SmartCar.dir/APP/gary_app.c.obj
                0x0800ba8c                get_line_error
 .text.IMU_Init
                0x0800baa8       0xa8 CMakeFiles/SmartCar.dir/APP/JY901S_app.c.obj
                0x0800baa8                IMU_Init
 .text.imu_task
                0x0800bb50       0x78 CMakeFiles/SmartCar.dir/APP/JY901S_app.c.obj
                0x0800bb50                imu_task
 .text.IMU_IsDataReady
                0x0800bbc8       0x18 CMakeFiles/SmartCar.dir/APP/JY901S_app.c.obj
                0x0800bbc8                IMU_IsDataReady
 .text.IMU_IsInitialized
                0x0800bbe0       0x18 CMakeFiles/SmartCar.dir/APP/JY901S_app.c.obj
                0x0800bbe0                IMU_IsInitialized
 .text.IMU_RegUpdateCallback
                0x0800bbf8       0xc4 CMakeFiles/SmartCar.dir/APP/JY901S_app.c.obj
                0x0800bbf8                IMU_RegUpdateCallback
 .text.IMU_DelayMs
                0x0800bcbc       0x1a CMakeFiles/SmartCar.dir/APP/JY901S_app.c.obj
                0x0800bcbc                IMU_DelayMs
 *fill*         0x0800bcd6        0x2 
 .text.IMU_I2C_Write
                0x0800bcd8       0x74 CMakeFiles/SmartCar.dir/APP/JY901S_app.c.obj
                0x0800bcd8                IMU_I2C_Write
 .text.IMU_I2C_Read
                0x0800bd4c       0x74 CMakeFiles/SmartCar.dir/APP/JY901S_app.c.obj
                0x0800bd4c                IMU_I2C_Read
 .text.Motor_Create
                0x0800bdc0       0xf6 CMakeFiles/SmartCar.dir/APP/motor_app.c.obj
                0x0800bdc0                Motor_Create
 .text.Motor_SetSpeed
                0x0800beb6      0x1f4 CMakeFiles/SmartCar.dir/APP/motor_app.c.obj
                0x0800beb6                Motor_SetSpeed
 *fill*         0x0800c0aa        0x2 
 .text.motor_task
                0x0800c0ac       0x60 CMakeFiles/SmartCar.dir/APP/motor_app.c.obj
                0x0800c0ac                motor_task
 .text.Motor_Start
                0x0800c10c       0x18 CMakeFiles/SmartCar.dir/APP/motor_app.c.obj
                0x0800c10c                Motor_Start
 .text.Motor_StartStop
                0x0800c124       0x18 CMakeFiles/SmartCar.dir/APP/motor_app.c.obj
                0x0800c124                Motor_StartStop
 .text.Oled_Printf_H
                0x0800c13c       0x60 CMakeFiles/SmartCar.dir/APP/oled_app.c.obj
                0x0800c13c                Oled_Printf_H
 .text.OLED_Init
                0x0800c19c       0x16 CMakeFiles/SmartCar.dir/APP/oled_app.c.obj
                0x0800c19c                OLED_Init
 *fill*         0x0800c1b2        0x2 
 .text.oled_task
                0x0800c1b4      0x134 CMakeFiles/SmartCar.dir/APP/oled_app.c.obj
                0x0800c1b4                oled_task
 .text.OLED_SwitchPage
                0x0800c2e8       0x2c CMakeFiles/SmartCar.dir/APP/oled_app.c.obj
                0x0800c2e8                OLED_SwitchPage
 .text.PID_Task
                0x0800c314      0x1f0 CMakeFiles/SmartCar.dir/APP/pid_control.c.obj
                0x0800c314                PID_Task
 .text.get_dual_loop_status
                0x0800c504       0x14 CMakeFiles/SmartCar.dir/APP/pid_control.c.obj
                0x0800c504                get_dual_loop_status
 .text.enable_dual_loop_control
                0x0800c518       0x40 CMakeFiles/SmartCar.dir/APP/pid_control.c.obj
                0x0800c518                enable_dual_loop_control
 .text.reset_dual_loop_control
                0x0800c558       0x8c CMakeFiles/SmartCar.dir/APP/pid_control.c.obj
                0x0800c558                reset_dual_loop_control
 .text.clean_string
                0x0800c5e4       0x5e CMakeFiles/SmartCar.dir/APP/usart_app.c.obj
                0x0800c5e4                clean_string
 .text.parse_command_params
                0x0800c642       0xb0 CMakeFiles/SmartCar.dir/APP/usart_app.c.obj
                0x0800c642                parse_command_params
 .text.my_printf
                0x0800c6f2       0x70 CMakeFiles/SmartCar.dir/APP/usart_app.c.obj
                0x0800c6f2                my_printf
 *fill*         0x0800c762        0x2 
 .text.HAL_UARTEx_RxEventCallback
                0x0800c764       0x7c CMakeFiles/SmartCar.dir/APP/usart_app.c.obj
                0x0800c764                HAL_UARTEx_RxEventCallback
 .text.handle_PWM_command_with_params
                0x0800c7e0      0x16c CMakeFiles/SmartCar.dir/APP/usart_app.c.obj
                0x0800c7e0                handle_PWM_command_with_params
 .text.handle_START_command
                0x0800c94c       0x1c CMakeFiles/SmartCar.dir/APP/usart_app.c.obj
                0x0800c94c                handle_START_command
 .text.handle_STOP_command
                0x0800c968       0x20 CMakeFiles/SmartCar.dir/APP/usart_app.c.obj
                0x0800c968                handle_STOP_command
 .text.handle_SENSOR_command
                0x0800c988      0x1d0 CMakeFiles/SmartCar.dir/APP/usart_app.c.obj
                0x0800c988                handle_SENSOR_command
 .text.handle_ENCODER_command_with_params
                0x0800cb58       0xb0 CMakeFiles/SmartCar.dir/APP/usart_app.c.obj
                0x0800cb58                handle_ENCODER_command_with_params
 .text.handle_SYSTEM_command_with_params
                0x0800cc08       0xd4 CMakeFiles/SmartCar.dir/APP/usart_app.c.obj
                0x0800cc08                handle_SYSTEM_command_with_params
 .text.handle_GARY_command
                0x0800ccdc      0x294 CMakeFiles/SmartCar.dir/APP/usart_app.c.obj
                0x0800ccdc                handle_GARY_command
 .text.handle_PAGE_command_with_params
                0x0800cf70       0xc8 CMakeFiles/SmartCar.dir/APP/usart_app.c.obj
                0x0800cf70                handle_PAGE_command_with_params
 .text.handle_PID_command_with_params
                0x0800d038      0x470 CMakeFiles/SmartCar.dir/APP/usart_app.c.obj
                0x0800d038                handle_PID_command_with_params
 .text.handle_interactive_input
                0x0800d4a8      0x110 CMakeFiles/SmartCar.dir/APP/usart_app.c.obj
                0x0800d4a8                handle_interactive_input
 .text.uart_command
                0x0800d5b8      0x2d8 CMakeFiles/SmartCar.dir/APP/usart_app.c.obj
                0x0800d5b8                uart_command
 .text.uart_task
                0x0800d890       0x44 CMakeFiles/SmartCar.dir/APP/usart_app.c.obj
                0x0800d890                uart_task
 .text.handle_HELP_command
                0x0800d8d4      0x210 CMakeFiles/SmartCar.dir/APP/usart_app.c.obj
                0x0800d8d4                handle_HELP_command
 .text.handle_GARY_PING_command
                0x0800dae4       0x94 CMakeFiles/SmartCar.dir/APP/usart_app.c.obj
                0x0800dae4                handle_GARY_PING_command
 .text.handle_GARY_REINIT_command
                0x0800db78       0xa4 CMakeFiles/SmartCar.dir/APP/usart_app.c.obj
                0x0800db78                handle_GARY_REINIT_command
 .text.ssd1306_Reset
                0x0800dc1c        0xe CMakeFiles/SmartCar.dir/components/OLED/ssd1306.c.obj
                0x0800dc1c                ssd1306_Reset
 *fill*         0x0800dc2a        0x2 
 .text.ssd1306_WriteCommand
                0x0800dc2c       0x30 CMakeFiles/SmartCar.dir/components/OLED/ssd1306.c.obj
                0x0800dc2c                ssd1306_WriteCommand
 .text.ssd1306_WriteData
                0x0800dc5c       0x34 CMakeFiles/SmartCar.dir/components/OLED/ssd1306.c.obj
                0x0800dc5c                ssd1306_WriteData
 .text.ssd1306_Init
                0x0800dc90       0xd4 CMakeFiles/SmartCar.dir/components/OLED/ssd1306.c.obj
                0x0800dc90                ssd1306_Init
 .text.ssd1306_Fill
                0x0800dd64       0x30 CMakeFiles/SmartCar.dir/components/OLED/ssd1306.c.obj
                0x0800dd64                ssd1306_Fill
 .text.ssd1306_UpdateScreen
                0x0800dd94       0x50 CMakeFiles/SmartCar.dir/components/OLED/ssd1306.c.obj
                0x0800dd94                ssd1306_UpdateScreen
 .text.ssd1306_DrawPixel
                0x0800dde4       0xa8 CMakeFiles/SmartCar.dir/components/OLED/ssd1306.c.obj
                0x0800dde4                ssd1306_DrawPixel
 .text.ssd1306_WriteChar
                0x0800de8c      0x124 CMakeFiles/SmartCar.dir/components/OLED/ssd1306.c.obj
                0x0800de8c                ssd1306_WriteChar
 .text.ssd1306_WriteString
                0x0800dfb0       0x4c CMakeFiles/SmartCar.dir/components/OLED/ssd1306.c.obj
                0x0800dfb0                ssd1306_WriteString
 .text.ssd1306_SetCursor
                0x0800dffc       0x30 CMakeFiles/SmartCar.dir/components/OLED/ssd1306.c.obj
                0x0800dffc                ssd1306_SetCursor
 .text.ssd1306_SetContrast
                0x0800e02c       0x26 CMakeFiles/SmartCar.dir/components/OLED/ssd1306.c.obj
                0x0800e02c                ssd1306_SetContrast
 *fill*         0x0800e052        0x2 
 .text.ssd1306_SetDisplayOn
                0x0800e054       0x3c CMakeFiles/SmartCar.dir/components/OLED/ssd1306.c.obj
                0x0800e054                ssd1306_SetDisplayOn
 .text.__CRC16  0x0800e090       0x78 CMakeFiles/SmartCar.dir/components/wit_c_sdk/wit_c_sdk.c.obj
 .text.WitI2cFuncRegister
                0x0800e108       0x44 CMakeFiles/SmartCar.dir/components/wit_c_sdk/wit_c_sdk.c.obj
                0x0800e108                WitI2cFuncRegister
 .text.WitRegisterCallBack
                0x0800e14c       0x2c CMakeFiles/SmartCar.dir/components/wit_c_sdk/wit_c_sdk.c.obj
                0x0800e14c                WitRegisterCallBack
 .text.WitReadReg
                0x0800e178      0x210 CMakeFiles/SmartCar.dir/components/wit_c_sdk/wit_c_sdk.c.obj
                0x0800e178                WitReadReg
 .text.WitInit  0x0800e388       0x44 CMakeFiles/SmartCar.dir/components/wit_c_sdk/wit_c_sdk.c.obj
                0x0800e388                WitInit
 .text.WitDelayMsRegister
                0x0800e3cc       0x2c CMakeFiles/SmartCar.dir/components/wit_c_sdk/wit_c_sdk.c.obj
                0x0800e3cc                WitDelayMsRegister
 .text.IIC_ReadBytes
                0x0800e3f8       0x50 CMakeFiles/SmartCar.dir/components/Gary/hardware_iic.c.obj
                0x0800e3f8                IIC_ReadBytes
 .text.IIC_WriteBytes
                0x0800e448       0x50 CMakeFiles/SmartCar.dir/components/Gary/hardware_iic.c.obj
                0x0800e448                IIC_WriteBytes
 .text.Ping     0x0800e498       0x26 CMakeFiles/SmartCar.dir/components/Gary/hardware_iic.c.obj
                0x0800e498                Ping
 .text.IIC_Get_Digtal
                0x0800e4be       0x1c CMakeFiles/SmartCar.dir/components/Gary/hardware_iic.c.obj
                0x0800e4be                IIC_Get_Digtal
 .text.IIC_Get_Anolog
                0x0800e4da       0x2c CMakeFiles/SmartCar.dir/components/Gary/hardware_iic.c.obj
                0x0800e4da                IIC_Get_Anolog
 .text.IIC_Anolog_Normalize
                0x0800e506       0x20 CMakeFiles/SmartCar.dir/components/Gary/hardware_iic.c.obj
                0x0800e506                IIC_Anolog_Normalize
 .text.pid_set_target
                0x0800e526       0x1e CMakeFiles/SmartCar.dir/components/PID/pid.c.obj
                0x0800e526                pid_set_target
 .text.pid_set_params
                0x0800e544       0x32 CMakeFiles/SmartCar.dir/components/PID/pid.c.obj
                0x0800e544                pid_set_params
 .text.pid_reset
                0x0800e576       0x4c CMakeFiles/SmartCar.dir/components/PID/pid.c.obj
                0x0800e576                pid_reset
 .text.pid_calculate_positional
                0x0800e5c2       0x30 CMakeFiles/SmartCar.dir/components/PID/pid.c.obj
                0x0800e5c2                pid_calculate_positional
 .text.pid_calculate_incremental
                0x0800e5f2       0x30 CMakeFiles/SmartCar.dir/components/PID/pid.c.obj
                0x0800e5f2                pid_calculate_incremental
 .text.pid_out_limit
                0x0800e622       0x60 CMakeFiles/SmartCar.dir/components/PID/pid.c.obj
 .text.pid_formula_incremental
                0x0800e682       0xc8 CMakeFiles/SmartCar.dir/components/PID/pid.c.obj
 .text.pid_formula_positional
                0x0800e74a       0xb4 CMakeFiles/SmartCar.dir/components/PID/pid.c.obj
 .text.pid_constrain
                0x0800e7fe       0x52 CMakeFiles/SmartCar.dir/components/PID/pid.c.obj
                0x0800e7fe                pid_constrain
 .text.atof     0x0800e850        0x6 E:/CubeCLT/STM32CubeCLT_1.17.0/GNU-tools-for-STM32/bin/../lib/gcc/arm-none-eabi/12.3.1/../../../../arm-none-eabi/lib/thumb/v7e-m+fp/hard\libg_nano.a(libc_a-atof.o)
                0x0800e850                atof
 .text.atoi     0x0800e856        0x8 E:/CubeCLT/STM32CubeCLT_1.17.0/GNU-tools-for-STM32/bin/../lib/gcc/arm-none-eabi/12.3.1/../../../../arm-none-eabi/lib/thumb/v7e-m+fp/hard\libg_nano.a(libc_a-atoi.o)
                0x0800e856                atoi
 .text.sulp     0x0800e85e       0x3c E:/CubeCLT/STM32CubeCLT_1.17.0/GNU-tools-for-STM32/bin/../lib/gcc/arm-none-eabi/12.3.1/../../../../arm-none-eabi/lib/thumb/v7e-m+fp/hard\libg_nano.a(libc_a-strtod.o)
 *fill*         0x0800e89a        0x6 
 .text._strtod_l
                0x0800e8a0      0xbc8 E:/CubeCLT/STM32CubeCLT_1.17.0/GNU-tools-for-STM32/bin/../lib/gcc/arm-none-eabi/12.3.1/../../../../arm-none-eabi/lib/thumb/v7e-m+fp/hard\libg_nano.a(libc_a-strtod.o)
                0x0800e8a0                _strtod_l
 .text.strtod   0x0800f468       0x18 E:/CubeCLT/STM32CubeCLT_1.17.0/GNU-tools-for-STM32/bin/../lib/gcc/arm-none-eabi/12.3.1/../../../../arm-none-eabi/lib/thumb/v7e-m+fp/hard\libg_nano.a(libc_a-strtod.o)
                0x0800f468                strtod
 .text._strtol_l.constprop.0
                0x0800f480       0xf4 E:/CubeCLT/STM32CubeCLT_1.17.0/GNU-tools-for-STM32/bin/../lib/gcc/arm-none-eabi/12.3.1/../../../../arm-none-eabi/lib/thumb/v7e-m+fp/hard\libg_nano.a(libc_a-strtol.o)
 .text._strtol_r
                0x0800f574        0x4 E:/CubeCLT/STM32CubeCLT_1.17.0/GNU-tools-for-STM32/bin/../lib/gcc/arm-none-eabi/12.3.1/../../../../arm-none-eabi/lib/thumb/v7e-m+fp/hard\libg_nano.a(libc_a-strtol.o)
                0x0800f574                _strtol_r
 .text.strtol   0x0800f578       0x14 E:/CubeCLT/STM32CubeCLT_1.17.0/GNU-tools-for-STM32/bin/../lib/gcc/arm-none-eabi/12.3.1/../../../../arm-none-eabi/lib/thumb/v7e-m+fp/hard\libg_nano.a(libc_a-strtol.o)
                0x0800f578                strtol
 .text.sscanf   0x0800f58c       0x54 E:/CubeCLT/STM32CubeCLT_1.17.0/GNU-tools-for-STM32/bin/../lib/gcc/arm-none-eabi/12.3.1/../../../../arm-none-eabi/lib/thumb/v7e-m+fp/hard\libg_nano.a(libc_a-sscanf.o)
                0x0800f58c                siscanf
                0x0800f58c                sscanf
 .text._vsnprintf_r
                0x0800f5e0       0x56 E:/CubeCLT/STM32CubeCLT_1.17.0/GNU-tools-for-STM32/bin/../lib/gcc/arm-none-eabi/12.3.1/../../../../arm-none-eabi/lib/thumb/v7e-m+fp/hard\libg_nano.a(libc_a-vsnprintf.o)
                0x0800f5e0                _vsniprintf_r
                0x0800f5e0                _vsnprintf_r
 *fill*         0x0800f636        0x2 
 .text.vsnprintf
                0x0800f638       0x1c E:/CubeCLT/STM32CubeCLT_1.17.0/GNU-tools-for-STM32/bin/../lib/gcc/arm-none-eabi/12.3.1/../../../../arm-none-eabi/lib/thumb/v7e-m+fp/hard\libg_nano.a(libc_a-vsnprintf.o)
                0x0800f638                vsniprintf
                0x0800f638                vsnprintf
 .text.strchr   0x0800f654       0x1a E:/CubeCLT/STM32CubeCLT_1.17.0/GNU-tools-for-STM32/bin/../lib/gcc/arm-none-eabi/12.3.1/../../../../arm-none-eabi/lib/thumb/v7e-m+fp/hard\libg_nano.a(libc_a-strchr.o)
                0x0800f654                strchr
 .text.strncmp  0x0800f66e       0x24 E:/CubeCLT/STM32CubeCLT_1.17.0/GNU-tools-for-STM32/bin/../lib/gcc/arm-none-eabi/12.3.1/../../../../arm-none-eabi/lib/thumb/v7e-m+fp/hard\libg_nano.a(libc_a-strncmp.o)
                0x0800f66e                strncmp
 .text.strncpy  0x0800f692       0x26 E:/CubeCLT/STM32CubeCLT_1.17.0/GNU-tools-for-STM32/bin/../lib/gcc/arm-none-eabi/12.3.1/../../../../arm-none-eabi/lib/thumb/v7e-m+fp/hard\libg_nano.a(libc_a-strncpy.o)
                0x0800f692                strncpy
 .text.__errno  0x0800f6b8        0xc E:/CubeCLT/STM32CubeCLT_1.17.0/GNU-tools-for-STM32/bin/../lib/gcc/arm-none-eabi/12.3.1/../../../../arm-none-eabi/lib/thumb/v7e-m+fp/hard\libg_nano.a(libc_a-errno.o)
                0x0800f6b8                __errno
 *fill*         0x0800f6c4        0x4 
 .text.nan      0x0800f6c8       0x10 E:/CubeCLT/STM32CubeCLT_1.17.0/GNU-tools-for-STM32/bin/../lib/gcc/arm-none-eabi/12.3.1/../../../../arm-none-eabi/lib/thumb/v7e-m+fp/hard\libg_nano.a(libm_a-s_nan.o)
                0x0800f6c8                nan
 .text.rshift   0x0800f6d8       0xa4 E:/CubeCLT/STM32CubeCLT_1.17.0/GNU-tools-for-STM32/bin/../lib/gcc/arm-none-eabi/12.3.1/../../../../arm-none-eabi/lib/thumb/v7e-m+fp/hard\libg_nano.a(libc_a-gdtoa-gethex.o)
 .text.__hexdig_fun
                0x0800f77c       0x2a E:/CubeCLT/STM32CubeCLT_1.17.0/GNU-tools-for-STM32/bin/../lib/gcc/arm-none-eabi/12.3.1/../../../../arm-none-eabi/lib/thumb/v7e-m+fp/hard\libg_nano.a(libc_a-gdtoa-gethex.o)
                0x0800f77c                __hexdig_fun
 *fill*         0x0800f7a6        0x2 
 .text.__gethex
                0x0800f7a8      0x420 E:/CubeCLT/STM32CubeCLT_1.17.0/GNU-tools-for-STM32/bin/../lib/gcc/arm-none-eabi/12.3.1/../../../../arm-none-eabi/lib/thumb/v7e-m+fp/hard\libg_nano.a(libc_a-gdtoa-gethex.o)
                0x0800f7a8                __gethex
 .text.L_shift  0x0800fbc8       0x24 E:/CubeCLT/STM32CubeCLT_1.17.0/GNU-tools-for-STM32/bin/../lib/gcc/arm-none-eabi/12.3.1/../../../../arm-none-eabi/lib/thumb/v7e-m+fp/hard\libg_nano.a(libc_a-gdtoa-hexnan.o)
 .text.__match  0x0800fbec       0x28 E:/CubeCLT/STM32CubeCLT_1.17.0/GNU-tools-for-STM32/bin/../lib/gcc/arm-none-eabi/12.3.1/../../../../arm-none-eabi/lib/thumb/v7e-m+fp/hard\libg_nano.a(libc_a-gdtoa-hexnan.o)
                0x0800fbec                __match
 .text.__hexnan
                0x0800fc14      0x136 E:/CubeCLT/STM32CubeCLT_1.17.0/GNU-tools-for-STM32/bin/../lib/gcc/arm-none-eabi/12.3.1/../../../../arm-none-eabi/lib/thumb/v7e-m+fp/hard\libg_nano.a(libc_a-gdtoa-hexnan.o)
                0x0800fc14                __hexnan
 .text.__ssputs_r
                0x0800fd4a       0xb6 E:/CubeCLT/STM32CubeCLT_1.17.0/GNU-tools-for-STM32/bin/../lib/gcc/arm-none-eabi/12.3.1/../../../../arm-none-eabi/lib/thumb/v7e-m+fp/hard\libg_nano.a(libc_a-nano-svfprintf.o)
                0x0800fd4a                __ssputs_r
 .text._svfprintf_r
                0x0800fe00      0x1f8 E:/CubeCLT/STM32CubeCLT_1.17.0/GNU-tools-for-STM32/bin/../lib/gcc/arm-none-eabi/12.3.1/../../../../arm-none-eabi/lib/thumb/v7e-m+fp/hard\libg_nano.a(libc_a-nano-svfprintf.o)
                0x0800fe00                _svfiprintf_r
                0x0800fe00                _svfprintf_r
 .text._sungetc_r
                0x0800fff8       0x76 E:/CubeCLT/STM32CubeCLT_1.17.0/GNU-tools-for-STM32/bin/../lib/gcc/arm-none-eabi/12.3.1/../../../../arm-none-eabi/lib/thumb/v7e-m+fp/hard\libg_nano.a(libc_a-nano-svfscanf.o)
                0x0800fff8                _sungetc_r
 .text.__ssrefill_r
                0x0801006e       0x3a E:/CubeCLT/STM32CubeCLT_1.17.0/GNU-tools-for-STM32/bin/../lib/gcc/arm-none-eabi/12.3.1/../../../../arm-none-eabi/lib/thumb/v7e-m+fp/hard\libg_nano.a(libc_a-nano-svfscanf.o)
                0x0801006e                __ssrefill_r
 .text.__ssvfscanf_r
                0x080100a8      0x2e8 E:/CubeCLT/STM32CubeCLT_1.17.0/GNU-tools-for-STM32/bin/../lib/gcc/arm-none-eabi/12.3.1/../../../../arm-none-eabi/lib/thumb/v7e-m+fp/hard\libg_nano.a(libc_a-nano-svfscanf.o)
                0x080100a8                __ssvfiscanf_r
                0x080100a8                __ssvfscanf_r
 .text._scanf_chars
                0x08010390       0xb4 E:/CubeCLT/STM32CubeCLT_1.17.0/GNU-tools-for-STM32/bin/../lib/gcc/arm-none-eabi/12.3.1/../../../../arm-none-eabi/lib/thumb/v7e-m+fp/hard\libg_nano.a(libc_a-nano-vfscanf_i.o)
                0x08010390                _scanf_chars
 .text._scanf_i
                0x08010444      0x1e8 E:/CubeCLT/STM32CubeCLT_1.17.0/GNU-tools-for-STM32/bin/../lib/gcc/arm-none-eabi/12.3.1/../../../../arm-none-eabi/lib/thumb/v7e-m+fp/hard\libg_nano.a(libc_a-nano-vfscanf_i.o)
                0x08010444                _scanf_i
 .text.__sccl   0x0801062c       0x72 E:/CubeCLT/STM32CubeCLT_1.17.0/GNU-tools-for-STM32/bin/../lib/gcc/arm-none-eabi/12.3.1/../../../../arm-none-eabi/lib/thumb/v7e-m+fp/hard\libg_nano.a(libc_a-sccl.o)
                0x0801062c                __sccl
 .text.__submore
                0x0801069e       0x74 E:/CubeCLT/STM32CubeCLT_1.17.0/GNU-tools-for-STM32/bin/../lib/gcc/arm-none-eabi/12.3.1/../../../../arm-none-eabi/lib/thumb/v7e-m+fp/hard\libg_nano.a(libc_a-ungetc.o)